Archive member included to satisfy reference by file (symbol)

../../../../../libopencm3//lib/libopencm3_stm32f4.a(adc_common_v1.o)
                              spi-mems.o (adc_power_off)
../../../../../libopencm3//lib/libopencm3_stm32f4.a(adc_common_v1_multi.o)
                              spi-mems.o (adc_power_on)
../../../../../libopencm3//lib/libopencm3_stm32f4.a(adc_common_f47.o)
                              spi-mems.o (adc_set_sample_time_on_all_channels)
../../../../../libopencm3//lib/libopencm3_stm32f4.a(fmc_common_f47.o)
                              sdram.o (sdram_timing)
../../../../../libopencm3//lib/libopencm3_stm32f4.a(gpio_common_all.o)
                              lcd-spi.o (gpio_set)
../../../../../libopencm3//lib/libopencm3_stm32f4.a(gpio_common_f0234.o)
                              sdram.o (gpio_mode_setup)
../../../../../libopencm3//lib/libopencm3_stm32f4.a(rcc_common_all.o)
                              sdram.o (rcc_periph_clock_enable)
../../../../../libopencm3//lib/libopencm3_stm32f4.a(rcc.o)
                              clock.o (rcc_clock_setup_pll)
../../../../../libopencm3//lib/libopencm3_stm32f4.a(spi_common_all.o)
                              lcd-spi.o (spi_enable)
../../../../../libopencm3//lib/libopencm3_stm32f4.a(spi_common_v1.o)
                              lcd-spi.o (spi_init_master)
../../../../../libopencm3//lib/libopencm3_stm32f4.a(usart_common_all.o)
                              console.o (usart_set_baudrate)
../../../../../libopencm3//lib/libopencm3_stm32f4.a(usart_common_f124.o)
                              ../../../../../libopencm3//lib/libopencm3_stm32f4.a(usart_common_all.o) (usart_send)
../../../../../libopencm3//lib/libopencm3_stm32f4.a(vector.o)
                              (reset_handler)
../../../../../libopencm3//lib/libopencm3_stm32f4.a(systick.o)
                              clock.o (systick_set_reload)
../../../../../libopencm3//lib/libopencm3_stm32f4.a(scb.o)
                              console.o (scb_reset_system)
../../../../../libopencm3//lib/libopencm3_stm32f4.a(nvic.o)
                              console.o (nvic_enable_irq)
../../../../../libopencm3//lib/libopencm3_stm32f4.a(flash_common_all.o)
                              ../../../../../libopencm3//lib/libopencm3_stm32f4.a(rcc.o) (flash_set_ws)
../../../../../libopencm3//lib/libopencm3_stm32f4.a(flash_common_idcache.o)
                              ../../../../../libopencm3//lib/libopencm3_stm32f4.a(rcc.o) (flash_dcache_enable)
../../../../../libopencm3//lib/libopencm3_stm32f4.a(pwr.o)
                              ../../../../../libopencm3//lib/libopencm3_stm32f4.a(rcc.o) (pwr_set_vos_scale)
/usr/lib/gcc/arm-none-eabi/10.3.1/../../../arm-none-eabi/lib/thumb/v7e-m+fp/hard/libc.a(lib_a-sprintf.o)
                              spi-mems.o (sprintf)
/usr/lib/gcc/arm-none-eabi/10.3.1/../../../arm-none-eabi/lib/thumb/v7e-m+fp/hard/libc.a(lib_a-strcat.o)
                              spi-mems.o (strcat)
/usr/lib/gcc/arm-none-eabi/10.3.1/../../../arm-none-eabi/lib/thumb/v7e-m+fp/hard/libc.a(lib_a-strcpy.o)
                              spi-mems.o (strcpy)
/usr/lib/gcc/arm-none-eabi/10.3.1/../../../arm-none-eabi/lib/thumb/v7e-m+fp/hard/libc.a(lib_a-svfprintf.o)
                              /usr/lib/gcc/arm-none-eabi/10.3.1/../../../arm-none-eabi/lib/thumb/v7e-m+fp/hard/libc.a(lib_a-sprintf.o) (_svfprintf_r)
/usr/lib/gcc/arm-none-eabi/10.3.1/../../../arm-none-eabi/lib/thumb/v7e-m+fp/hard/libc.a(lib_a-dtoa.o)
                              /usr/lib/gcc/arm-none-eabi/10.3.1/../../../arm-none-eabi/lib/thumb/v7e-m+fp/hard/libc.a(lib_a-svfprintf.o) (_dtoa_r)
/usr/lib/gcc/arm-none-eabi/10.3.1/../../../arm-none-eabi/lib/thumb/v7e-m+fp/hard/libc.a(lib_a-impure.o)
                              /usr/lib/gcc/arm-none-eabi/10.3.1/../../../arm-none-eabi/lib/thumb/v7e-m+fp/hard/libc.a(lib_a-sprintf.o) (_impure_ptr)
/usr/lib/gcc/arm-none-eabi/10.3.1/../../../arm-none-eabi/lib/thumb/v7e-m+fp/hard/libc.a(lib_a-localeconv.o)
                              /usr/lib/gcc/arm-none-eabi/10.3.1/../../../arm-none-eabi/lib/thumb/v7e-m+fp/hard/libc.a(lib_a-svfprintf.o) (_localeconv_r)
/usr/lib/gcc/arm-none-eabi/10.3.1/../../../arm-none-eabi/lib/thumb/v7e-m+fp/hard/libc.a(lib_a-mallocr.o)
                              /usr/lib/gcc/arm-none-eabi/10.3.1/../../../arm-none-eabi/lib/thumb/v7e-m+fp/hard/libc.a(lib_a-svfprintf.o) (_malloc_r)
/usr/lib/gcc/arm-none-eabi/10.3.1/../../../arm-none-eabi/lib/thumb/v7e-m+fp/hard/libc.a(lib_a-memchr.o)
                              /usr/lib/gcc/arm-none-eabi/10.3.1/../../../arm-none-eabi/lib/thumb/v7e-m+fp/hard/libc.a(lib_a-svfprintf.o) (memchr)
/usr/lib/gcc/arm-none-eabi/10.3.1/../../../arm-none-eabi/lib/thumb/v7e-m+fp/hard/libc.a(lib_a-memcpy.o)
                              /usr/lib/gcc/arm-none-eabi/10.3.1/../../../arm-none-eabi/lib/thumb/v7e-m+fp/hard/libc.a(lib_a-dtoa.o) (memcpy)
/usr/lib/gcc/arm-none-eabi/10.3.1/../../../arm-none-eabi/lib/thumb/v7e-m+fp/hard/libc.a(lib_a-mlock.o)
[...]
Memory Configuration

Name             Origin             Length             Attributes
rom              0x0000000008000000 0x0000000000200000 xr
ccm              0x0000000010000000 0x0000000000010000 xrw
ram              0x0000000020000000 0x0000000000030000 xrw
*default*        0x0000000000000000 0xffffffffffffffff

Linker script and memory map

LOAD sdram.o
LOAD clock.o
LOAD console.o
LOAD lcd-spi.o
LOAD gfx.o
LOAD spi-mems.o
LOAD /usr/lib/gcc/arm-none-eabi/10.3.1/../../../arm-none-eabi/lib/thumb/v7e-m+fp/hard/libm.a
LOAD ../../../../../libopencm3//lib/libopencm3_stm32f4.a
START GROUP
LOAD /usr/lib/gcc/arm-none-eabi/10.3.1/../../../arm-none-eabi/lib/thumb/v7e-m+fp/hard/libc.a
LOAD /usr/lib/gcc/arm-none-eabi/10.3.1/thumb/v7e-m+fp/hard/libgcc.a
LOAD /usr/lib/gcc/arm-none-eabi/10.3.1/../../../arm-none-eabi/lib/thumb/v7e-m+fp/hard/libnosys.a
END GROUP
START GROUP
LOAD /usr/lib/gcc/arm-none-eabi/10.3.1/thumb/v7e-m+fp/hard/libgcc.a
LOAD /usr/lib/gcc/arm-none-eabi/10.3.1/../../../arm-none-eabi/lib/thumb/v7e-m+fp/hard/libg.a
LOAD /usr/lib/gcc/arm-none-eabi/10.3.1/../../../arm-none-eabi/lib/thumb/v7e-m+fp/hard/libc.a
END GROUP

.text           0x0000000008000000     0xa01c
 *(.vectors)
 .vectors       0x0000000008000000      0x1ac ../../../../../libopencm3//lib/libopencm3_stm32f4.a(vector.o)
                0x0000000008000000                vector_table
 *(.text*)
 .text.sdram_init
                0x00000000080001ac       0xf0 sdram.o
                0x00000000080001ac                sdram_init
 .text.sys_tick_handler
                0x000000000800029c       0x10 clock.o
                0x000000000800029c                sys_tick_handler
 .text.msleep   0x00000000080002ac       0x14 clock.o
                0x00000000080002ac                msleep
 .text.clock_setup
                0x00000000080002c0       0x28 clock.o
                0x00000000080002c0                clock_setup
 .text.usart1_isr
                0x00000000080002e8       0x50 console.o
                0x00000000080002e8                usart1_isr
 .text.console_putc
                0x0000000008000338       0x10 console.o
                0x0000000008000338                console_putc
 .text.console_puts
                0x0000000008000348       0x1e console.o
                0x0000000008000348                console_puts
 *fill*         0x0000000008000366        0x2 
 .text.console_setup
                0x0000000008000368       0x80 console.o
                0x0000000008000368                console_setup
 .text.lcd_command
                0x00000000080003e8       0x64 lcd-spi.o
 .text.print_hex.isra.0
                0x000000000800044c       0x44 lcd-spi.o
 .text.lcd_draw_pixel
                0x0000000008000490       0x14 lcd-spi.o
                0x0000000008000490                lcd_draw_pixel
 .text.lcd_show_frame
                0x00000000080004a4       0x68 lcd-spi.o
                0x00000000080004a4                lcd_show_frame
 .text.lcd_spi_init
                0x000000000800050c      0x1b0 lcd-spi.o
                0x000000000800050c                lcd_spi_init
 .text.gfx_drawPixel
                0x00000000080006bc       0x2c gfx.o
                0x00000000080006bc                gfx_drawPixel
 .text.gfx_init
                0x00000000080006e8       0x20 gfx.o
                0x00000000080006e8                gfx_init
 .text.gfx_drawLine
                0x0000000008000708       0xb4 gfx.o
                0x0000000008000708                gfx_drawLine
 .text.gfx_drawFastVLine
                0x00000000080007bc       0x16 gfx.o
                0x00000000080007bc                gfx_drawFastVLine
 .text.gfx_fillRect
                0x00000000080007d2       0x2a gfx.o
                0x00000000080007d2                gfx_fillRect
 .text.gfx_fillScreen
                0x00000000080007fc       0x20 gfx.o
                0x00000000080007fc                gfx_fillScreen
 .text.gfx_drawChar
                0x000000000800081c       0xe4 gfx.o
                0x000000000800081c                gfx_drawChar
 .text.gfx_write
                0x0000000008000900       0x70 gfx.o
                0x0000000008000900                gfx_write
 .text.gfx_puts
                0x0000000008000970       0x12 gfx.o
                0x0000000008000970                gfx_puts
 *fill*         0x0000000008000982        0x2 
 .text.gfx_setCursor
                0x0000000008000984        0xc gfx.o
                0x0000000008000984                gfx_setCursor
 .text.gfx_setTextSize
                0x0000000008000990       0x10 gfx.o
                0x0000000008000990                gfx_setTextSize
 .text.gfx_setTextColor
                0x00000000080009a0        0xc gfx.o
                0x00000000080009a0                gfx_setTextColor
 .text.spi_setup
                0x00000000080009ac       0xbc spi-mems.o
                0x00000000080009ac                spi_setup
 .text.print_decimal
                0x0000000008000a68       0x78 spi-mems.o
                0x0000000008000a68                print_decimal
 .text.adc_update
                0x0000000008000ae0       0x44 spi-mems.o
                0x0000000008000ae0                adc_update
 .text.startup.main
                0x0000000008000b24      0x50c spi-mems.o
                0x0000000008000b24                main
 .text.adc_power_off
                0x0000000008001030        0xa ../../../../../libopencm3//lib/libopencm3_stm32f4.a(adc_common_v1.o)
                0x0000000008001030                adc_power_off
 .text.adc_disable_scan_mode
                0x000000000800103a        0xa ../../../../../libopencm3//lib/libopencm3_stm32f4.a(adc_common_v1.o)
                0x000000000800103a                adc_disable_scan_mode
 .text.adc_eoc  0x0000000008001044        0x8 ../../../../../libopencm3//lib/libopencm3_stm32f4.a(adc_common_v1.o)
                0x0000000008001044                adc_eoc
 .text.adc_read_regular
                0x000000000800104c        0x4 ../../../../../libopencm3//lib/libopencm3_stm32f4.a(adc_common_v1.o)
                0x000000000800104c                adc_read_regular
 .text.adc_set_regular_sequence
                0x0000000008001050       0x5e ../../../../../libopencm3//lib/libopencm3_stm32f4.a(adc_common_v1.o)
                0x0000000008001050                adc_set_regular_sequence
 .text.adc_start_conversion_regular
                0x00000000080010ae       0x14 ../../../../../libopencm3//lib/libopencm3_stm32f4.a(adc_common_v1.o)
                0x00000000080010ae                adc_start_conversion_regular
 .text.adc_power_on
                0x00000000080010c2        0xa ../../../../../libopencm3//lib/libopencm3_stm32f4.a(adc_common_v1_multi.o)
                0x00000000080010c2                adc_power_on
 .text.adc_set_sample_time_on_all_channels
                0x00000000080010cc       0x2a ../../../../../libopencm3//lib/libopencm3_stm32f4.a(adc_common_f47.o)
                0x00000000080010cc                adc_set_sample_time_on_all_channels
 .text.sdram_timing
                0x00000000080010f6       0x4e ../../../../../libopencm3//lib/libopencm3_stm32f4.a(fmc_common_f47.o)
                0x00000000080010f6                sdram_timing
 .text.sdram_command
                0x0000000008001144       0x60 ../../../../../libopencm3//lib/libopencm3_stm32f4.a(fmc_common_f47.o)
                0x0000000008001144                sdram_command
 .text.gpio_set
                0x00000000080011a4        0x4 ../../../../../libopencm3//lib/libopencm3_stm32f4.a(gpio_common_all.o)
                0x00000000080011a4                gpio_set
 .text.gpio_clear
                0x00000000080011a8        0x6 ../../../../../libopencm3//lib/libopencm3_stm32f4.a(gpio_common_all.o)
                0x00000000080011a8                gpio_clear
 .text.gpio_get
                0x00000000080011ae        0x6 ../../../../../libopencm3//lib/libopencm3_stm32f4.a(gpio_common_all.o)
                0x00000000080011ae                gpio_get
 .text.gpio_toggle
                0x00000000080011b4       0x12 ../../../../../libopencm3//lib/libopencm3_stm32f4.a(gpio_common_all.o)
                0x00000000080011b4                gpio_toggle
 .text.gpio_mode_setup
                0x00000000080011c6       0x40 ../../../../../libopencm3//lib/libopencm3_stm32f4.a(gpio_common_f0234.o)
                0x00000000080011c6                gpio_mode_setup
 .text.gpio_set_output_options
                0x0000000008001206       0x36 ../../../../../libopencm3//lib/libopencm3_stm32f4.a(gpio_common_f0234.o)
                0x0000000008001206                gpio_set_output_options
 .text.gpio_set_af
                0x000000000800123c       0x58 ../../../../../libopencm3//lib/libopencm3_stm32f4.a(gpio_common_f0234.o)
                0x000000000800123c                gpio_set_af
 .text.rcc_periph_clock_enable
                0x0000000008001294       0x1c ../../../../../libopencm3//lib/libopencm3_stm32f4.a(rcc_common_all.o)
                0x0000000008001294                rcc_periph_clock_enable
 .text.rcc_is_osc_ready
                0x00000000080012b0       0x64 ../../../../../libopencm3//lib/libopencm3_stm32f4.a(rcc.o)
                0x00000000080012b0                rcc_is_osc_ready
 .text.rcc_wait_for_osc_ready
                0x0000000008001314       0x10 ../../../../../libopencm3//lib/libopencm3_stm32f4.a(rcc.o)
                0x0000000008001314                rcc_wait_for_osc_ready
 .text.rcc_osc_on
                0x0000000008001324       0x74 ../../../../../libopencm3//lib/libopencm3_stm32f4.a(rcc.o)
                0x0000000008001324                rcc_osc_on
 .text.rcc_osc_off
                0x0000000008001398       0x74 ../../../../../libopencm3//lib/libopencm3_stm32f4.a(rcc.o)
                0x0000000008001398                rcc_osc_off
 .text.rcc_set_sysclk_source
                0x000000000800140c       0x18 ../../../../../libopencm3//lib/libopencm3_stm32f4.a(rcc.o)
                0x000000000800140c                rcc_set_sysclk_source
 .text.rcc_set_ppre2
                0x0000000008001424       0x18 ../../../../../libopencm3//lib/libopencm3_stm32f4.a(rcc.o)
                0x0000000008001424                rcc_set_ppre2
 .text.rcc_set_ppre1
                0x000000000800143c       0x18 ../../../../../libopencm3//lib/libopencm3_stm32f4.a(rcc.o)
                0x000000000800143c                rcc_set_ppre1
 .text.rcc_set_hpre
                0x0000000008001454       0x18 ../../../../../libopencm3//lib/libopencm3_stm32f4.a(rcc.o)
                0x0000000008001454                rcc_set_hpre
 .text.rcc_set_main_pll_hsi
                0x000000000800146c       0x44 ../../../../../libopencm3//lib/libopencm3_stm32f4.a(rcc.o)
                0x000000000800146c                rcc_set_main_pll_hsi
 .text.rcc_set_main_pll_hse
                0x00000000080014b0       0x44 ../../../../../libopencm3//lib/libopencm3_stm32f4.a(rcc.o)
                0x00000000080014b0                rcc_set_main_pll_hse
 .text.rcc_clock_setup_pll
                0x00000000080014f4       0xe4 ../../../../../libopencm3//lib/libopencm3_stm32f4.a(rcc.o)
                0x00000000080014f4                rcc_clock_setup_pll
 .text.spi_enable
                0x00000000080015d8        0xa ../../../../../libopencm3//lib/libopencm3_stm32f4.a(spi_common_all.o)
                0x00000000080015d8                spi_enable
 .text.spi_send
                0x00000000080015e2        0xa ../../../../../libopencm3//lib/libopencm3_stm32f4.a(spi_common_all.o)
                0x00000000080015e2                spi_send
 .text.spi_read
                0x00000000080015ec        0xc ../../../../../libopencm3//lib/libopencm3_stm32f4.a(spi_common_all.o)
                0x00000000080015ec                spi_read
 .text.spi_xfer
                0x00000000080015f8        0xe ../../../../../libopencm3//lib/libopencm3_stm32f4.a(spi_common_all.o)
                0x00000000080015f8                spi_xfer
 .text.spi_set_unidirectional_mode
                0x0000000008001606        0xa ../../../../../libopencm3//lib/libopencm3_stm32f4.a(spi_common_all.o)
                0x0000000008001606                spi_set_unidirectional_mode
 .text.spi_set_full_duplex_mode
                0x0000000008001610        0xa ../../../../../libopencm3//lib/libopencm3_stm32f4.a(spi_common_all.o)
                0x0000000008001610                spi_set_full_duplex_mode
 .text.spi_enable_software_slave_management
                0x000000000800161a       0x12 ../../../../../libopencm3//lib/libopencm3_stm32f4.a(spi_common_all.o)
                0x000000000800161a                spi_enable_software_slave_management
 .text.spi_set_nss_high
                0x000000000800162c        0xa ../../../../../libopencm3//lib/libopencm3_stm32f4.a(spi_common_all.o)
                0x000000000800162c                spi_set_nss_high
 .text.spi_send_msb_first
                0x0000000008001636        0xa ../../../../../libopencm3//lib/libopencm3_stm32f4.a(spi_common_all.o)
                0x0000000008001636                spi_send_msb_first
 .text.spi_set_baudrate_prescaler
                0x0000000008001640       0x16 ../../../../../libopencm3//lib/libopencm3_stm32f4.a(spi_common_all.o)
                0x0000000008001640                spi_set_baudrate_prescaler
 .text.spi_set_master_mode
                0x0000000008001656        0xa ../../../../../libopencm3//lib/libopencm3_stm32f4.a(spi_common_all.o)
                0x0000000008001656                spi_set_master_mode
 .text.spi_set_clock_polarity_0
                0x0000000008001660        0xa ../../../../../libopencm3//lib/libopencm3_stm32f4.a(spi_common_all.o)
                0x0000000008001660                spi_set_clock_polarity_0
 .text.spi_set_clock_phase_0
                0x000000000800166a        0xa ../../../../../libopencm3//lib/libopencm3_stm32f4.a(spi_common_all.o)
                0x000000000800166a                spi_set_clock_phase_0
 .text.spi_enable_ss_output
                0x0000000008001674        0xa ../../../../../libopencm3//lib/libopencm3_stm32f4.a(spi_common_all.o)
                0x0000000008001674                spi_enable_ss_output
 .text.spi_init_master
                0x000000000800167e       0x28 ../../../../../libopencm3//lib/libopencm3_stm32f4.a(spi_common_v1.o)
                0x000000000800167e                spi_init_master
 *fill*         0x00000000080016a6        0x2 
 .text.usart_set_baudrate
                0x00000000080016a8       0x2c ../../../../../libopencm3//lib/libopencm3_stm32f4.a(usart_common_all.o)
                0x00000000080016a8                usart_set_baudrate
 .text.usart_set_databits
                0x00000000080016d4       0x12 ../../../../../libopencm3//lib/libopencm3_stm32f4.a(usart_common_all.o)
                0x00000000080016d4                usart_set_databits
 .text.usart_set_stopbits
                0x00000000080016e6        0xc ../../../../../libopencm3//lib/libopencm3_stm32f4.a(usart_common_all.o)
                0x00000000080016e6                usart_set_stopbits
 .text.usart_set_parity
                0x00000000080016f2        0xc ../../../../../libopencm3//lib/libopencm3_stm32f4.a(usart_common_all.o)
                0x00000000080016f2                usart_set_parity
 .text.usart_set_mode
                0x00000000080016fe        0xc ../../../../../libopencm3//lib/libopencm3_stm32f4.a(usart_common_all.o)
                0x00000000080016fe                usart_set_mode
 .text.usart_set_flow_control
                0x000000000800170a        0xc ../../../../../libopencm3//lib/libopencm3_stm32f4.a(usart_common_all.o)
                0x000000000800170a                usart_set_flow_control
 .text.usart_enable
                0x0000000008001716        0xa ../../../../../libopencm3//lib/libopencm3_stm32f4.a(usart_common_all.o)
                0x0000000008001716                usart_enable
 .text.usart_enable_rx_interrupt
                0x0000000008001720        0xa ../../../../../libopencm3//lib/libopencm3_stm32f4.a(usart_common_all.o)
                0x0000000008001720                usart_enable_rx_interrupt
 .text.blocking_handler
                0x000000000800172a        0x2 ../../../../../libopencm3//lib/libopencm3_stm32f4.a(vector.o)
                0x000000000800172a                dma2_stream1_isr
                0x000000000800172a                tim8_brk_tim12_isr
                0x000000000800172a                dma1_stream7_isr
                0x000000000800172a                usart3_isr
                0x000000000800172a                tim7_isr
                0x000000000800172a                dma2d_isr
                0x000000000800172a                uart8_isr
                0x000000000800172a                dma1_stream2_isr
                0x000000000800172a                otg_hs_isr
                0x000000000800172a                blocking_handler
                0x000000000800172a                tim5_isr
                0x000000000800172a                rtc_wkup_isr
                0x000000000800172a                otg_fs_isr
                0x000000000800172a                spi1_isr
                0x000000000800172a                i2c3_er_isr
                0x000000000800172a                exti2_isr
                0x000000000800172a                spi5_isr
                0x000000000800172a                usb_fs_wkup_isr
                0x000000000800172a                tamp_stamp_isr
                0x000000000800172a                can1_rx1_isr
                0x000000000800172a                dma2_stream0_isr
                0x000000000800172a                i2c3_ev_isr
                0x000000000800172a                usage_fault_handler
                0x000000000800172a                can2_rx0_isr
                0x000000000800172a                dma1_stream6_isr
                0x000000000800172a                can2_rx1_isr
                0x000000000800172a                can1_sce_isr
                0x000000000800172a                tim1_cc_isr
                0x000000000800172a                can1_tx_isr
                0x000000000800172a                tim1_up_tim10_isr
                0x000000000800172a                sdio_isr
                0x000000000800172a                eth_isr
                0x000000000800172a                spi6_isr
                0x000000000800172a                dma2_stream5_isr
                0x000000000800172a                pvd_isr
                0x000000000800172a                can1_rx0_isr
                0x000000000800172a                rcc_isr
                0x000000000800172a                dma2_stream3_isr
                0x000000000800172a                flash_isr
                0x000000000800172a                uart4_isr
                0x000000000800172a                lcd_tft_isr
                0x000000000800172a                rtc_alarm_isr
                0x000000000800172a                exti15_10_isr
                0x000000000800172a                hash_rng_isr
                0x000000000800172a                tim1_trg_com_tim11_isr
                0x000000000800172a                hard_fault_handler
                0x000000000800172a                exti1_isr
                0x000000000800172a                i2c1_ev_isr
                0x000000000800172a                usart6_isr
                0x000000000800172a                spi2_isr
                0x000000000800172a                cryp_isr
                0x000000000800172a                nvic_wwdg_isr
                0x000000000800172a                dma1_stream1_isr
                0x000000000800172a                dma2_stream4_isr
                0x000000000800172a                exti3_isr
                0x000000000800172a                tim3_isr
                0x000000000800172a                usart2_isr
                0x000000000800172a                sai1_isr
                0x000000000800172a                fpu_isr
                0x000000000800172a                dma1_stream4_isr
                0x000000000800172a                i2c2_er_isr
                0x000000000800172a                i2c2_ev_isr
                0x000000000800172a                uart5_isr
                0x000000000800172a                dma2_stream6_isr
                0x000000000800172a                spi4_isr
                0x000000000800172a                adc_isr
                0x000000000800172a                dma2_stream7_isr
                0x000000000800172a                tim8_up_tim13_isr
                0x000000000800172a                fsmc_isr
                0x000000000800172a                exti4_isr
                0x000000000800172a                tim6_dac_isr
                0x000000000800172a                dma1_stream3_isr
                0x000000000800172a                tim8_trg_com_tim14_isr
                0x000000000800172a                mem_manage_handler
                0x000000000800172a                lcd_tft_err_isr
                0x000000000800172a                can2_tx_isr
                0x000000000800172a                exti9_5_isr
                0x000000000800172a                tim1_brk_tim9_isr
                0x000000000800172a                uart7_isr
                0x000000000800172a                can2_sce_isr
                0x000000000800172a                tim4_isr
                0x000000000800172a                otg_hs_wkup_isr
                0x000000000800172a                i2c1_er_isr
                0x000000000800172a                dma1_stream0_isr
                0x000000000800172a                tim8_cc_isr
                0x000000000800172a                dcmi_isr
                0x000000000800172a                dma2_stream2_isr
                0x000000000800172a                eth_wkup_isr
                0x000000000800172a                bus_fault_handler
                0x000000000800172a                otg_hs_ep1_out_isr
                0x000000000800172a                spi3_isr
                0x000000000800172a                dma1_stream5_isr
                0x000000000800172a                otg_hs_ep1_in_isr
                0x000000000800172a                tim2_isr
                0x000000000800172a                exti0_isr
 .text.null_handler
                0x000000000800172c        0x2 ../../../../../libopencm3//lib/libopencm3_stm32f4.a(vector.o)
                0x000000000800172c                null_handler
                0x000000000800172c                sv_call_handler
                0x000000000800172c                pend_sv_handler
                0x000000000800172c                debug_monitor_handler
                0x000000000800172c                nmi_handler
 *fill*         0x000000000800172e        0x2 
 .text.reset_handler
                0x0000000008001730       0xa0 ../../../../../libopencm3//lib/libopencm3_stm32f4.a(vector.o)
                0x0000000008001730                reset_handler
 .text.systick_set_reload
                0x00000000080017d0        0xc ../../../../../libopencm3//lib/libopencm3_stm32f4.a(systick.o)
                0x00000000080017d0                systick_set_reload
 .text.systick_set_clocksource
                0x00000000080017dc       0x14 ../../../../../libopencm3//lib/libopencm3_stm32f4.a(systick.o)
                0x00000000080017dc                systick_set_clocksource
 .text.systick_interrupt_enable
                0x00000000080017f0        0xe ../../../../../libopencm3//lib/libopencm3_stm32f4.a(systick.o)
                0x00000000080017f0                systick_interrupt_enable
 .text.systick_counter_enable
                0x00000000080017fe        0xe ../../../../../libopencm3//lib/libopencm3_stm32f4.a(systick.o)
                0x00000000080017fe                systick_counter_enable
 .text.scb_reset_system
                0x000000000800180c       0x10 ../../../../../libopencm3//lib/libopencm3_stm32f4.a(scb.o)
                0x000000000800180c                scb_reset_system
 .text.nvic_enable_irq
                0x000000000800181c       0x1c ../../../../../libopencm3//lib/libopencm3_stm32f4.a(nvic.o)
                0x000000000800181c                nvic_enable_irq
 .text.flash_set_ws
                0x0000000008001838       0x18 ../../../../../libopencm3//lib/libopencm3_stm32f4.a(flash_common_all.o)
                0x0000000008001838                flash_set_ws
 .text.flash_dcache_enable
                0x0000000008001850       0x14 ../../../../../libopencm3//lib/libopencm3_stm32f4.a(flash_common_idcache.o)
                0x0000000008001850                flash_dcache_enable
 .text.flash_dcache_disable
                0x0000000008001864       0x14 ../../../../../libopencm3//lib/libopencm3_stm32f4.a(flash_common_idcache.o)
                0x0000000008001864                flash_dcache_disable
 .text.flash_icache_enable
                0x0000000008001878       0x14 ../../../../../libopencm3//lib/libopencm3_stm32f4.a(flash_common_idcache.o)
                0x0000000008001878                flash_icache_enable
 .text.flash_icache_disable
                0x000000000800188c       0x14 ../../../../../libopencm3//lib/libopencm3_stm32f4.a(flash_common_idcache.o)
                0x000000000800188c                flash_icache_disable
 .text.pwr_set_vos_scale
                0x00000000080018a0       0x18 ../../../../../libopencm3//lib/libopencm3_stm32f4.a(pwr.o)
                0x00000000080018a0                pwr_set_vos_scale
 .text          0x00000000080018b8       0x78 /usr/lib/gcc/arm-none-eabi/10.3.1/../../../arm-none-eabi/lib/thumb/v7e-m+fp/hard/libc.a(lib_a-sprintf.o)
                0x00000000080018b8                _sprintf_r
                0x00000000080018f0                sprintf
 .text          0x0000000008001930       0x40 /usr/lib/gcc/arm-none-eabi/10.3.1/../../../arm-none-eabi/lib/thumb/v7e-m+fp/hard/libc.a(lib_a-strcat.o)
                0x0000000008001930                strcat
 .text          0x0000000008001970       0xbc /usr/lib/gcc/arm-none-eabi/10.3.1/../../../arm-none-eabi/lib/thumb/v7e-m+fp/hard/libc.a(lib_a-strcpy.o)
                0x0000000008001970                strcpy
 *fill*         0x0000000008001a2c        0x4 
 .text          0x0000000008001a30     0x14bc /usr/lib/gcc/arm-none-eabi/10.3.1/../../../arm-none-eabi/lib/thumb/v7e-m+fp/hard/libc.a(lib_a-svfprintf.o)
                0x0000000008001a30                _svfprintf_r
 *fill*         0x0000000008002eec        0x4 
 .text          0x0000000008002ef0     0x1064 /usr/lib/gcc/arm-none-eabi/10.3.1/../../../arm-none-eabi/lib/thumb/v7e-m+fp/hard/libc.a(lib_a-dtoa.o)
                0x0000000008003018                _dtoa_r
 .text          0x0000000008003f54       0x14 /usr/lib/gcc/arm-none-eabi/10.3.1/../../../arm-none-eabi/lib/thumb/v7e-m+fp/hard/libc.a(lib_a-localeconv.o)
                0x0000000008003f54                __localeconv_l
                0x0000000008003f58                _localeconv_r
                0x0000000008003f60                localeconv
 .text          0x0000000008003f68      0x554 /usr/lib/gcc/arm-none-eabi/10.3.1/../../../arm-none-eabi/lib/thumb/v7e-m+fp/hard/libc.a(lib_a-mallocr.o)
                0x0000000008003f68                _malloc_r
 *fill*         0x00000000080044bc        0x4 
 .text          0x00000000080044c0       0xa0 /usr/lib/gcc/arm-none-eabi/10.3.1/../../../arm-none-eabi/lib/thumb/v7e-m+fp/hard/libc.a(lib_a-memchr.o)
                0x00000000080044c0                memchr
 .text          0x0000000008004560      0x134 /usr/lib/gcc/arm-none-eabi/10.3.1/../../../arm-none-eabi/lib/thumb/v7e-m+fp/hard/libc.a(lib_a-memcpy.o)
                0x0000000008004560                memcpy
 .text          0x0000000008004694        0x8 /usr/lib/gcc/arm-none-eabi/10.3.1/../../../arm-none-eabi/lib/thumb/v7e-m+fp/hard/libc.a(lib_a-mlock.o)
                0x0000000008004694                __malloc_lock
                0x0000000008004698                __malloc_unlock
 .text          0x000000000800469c      0xaa0 /usr/lib/gcc/arm-none-eabi/10.3.1/../../../arm-none-eabi/lib/thumb/v7e-m+fp/hard/libc.a(lib_a-mprec.o)
                0x000000000800469c                _Balloc
                0x00000000080046e8                _Bfree
                0x00000000080046fc                __multadd
                0x00000000080047a4                __s2b
                0x0000000008004858                __hi0bits
                0x0000000008004898                __lo0bits
                0x00000000080048f8                __i2b
                0x0000000008004954                __multiply
                0x0000000008004ab0                __pow5mult
                0x0000000008004b70                __lshift
                0x0000000008004c60                __mcmp
                0x0000000008004ca4                __mdiff
                0x0000000008004df0                __ulp
                0x0000000008004e50                __b2d
                0x0000000008004f10                __d2b
                0x0000000008004fe0                __ratio
                0x000000000800503c                _mprec_log10
                0x000000000800507c                __copybits
                0x00000000080050d8                __any_on
 .text          0x000000000800513c       0x24 /usr/lib/gcc/arm-none-eabi/10.3.1/../../../arm-none-eabi/lib/thumb/v7e-m+fp/hard/libc.a(lib_a-sbrkr.o)
                0x000000000800513c                _sbrk_r
 *fill*         0x0000000008005160       0x20 
 .text          0x0000000008005180       0xdc /usr/lib/gcc/arm-none-eabi/10.3.1/../../../arm-none-eabi/lib/thumb/v7e-m+fp/hard/libc.a(lib_a-strlen.o)
                0x0000000008005180                strlen
 .text          0x000000000800525c      0xb54 /usr/lib/gcc/arm-none-eabi/10.3.1/../../../arm-none-eabi/lib/thumb/v7e-m+fp/hard/libc.a(lib_a-svfiprintf.o)
                0x000000000800525c                __ssprint_r
                0x0000000008005354                _svfiprintf_r
 .text          0x0000000008005db0       0x4c /usr/lib/gcc/arm-none-eabi/10.3.1/../../../arm-none-eabi/lib/thumb/v7e-m+fp/hard/libc.a(lib_a-assert.o)
                0x0000000008005db0                __assert_func
                0x0000000008005df0                __assert
 .text          0x0000000008005dfc       0x60 /usr/lib/gcc/arm-none-eabi/10.3.1/../../../arm-none-eabi/lib/thumb/v7e-m+fp/hard/libc.a(lib_a-callocr.o)
                0x0000000008005dfc                _calloc_r
 .text          0x0000000008005e5c       0x44 /usr/lib/gcc/arm-none-eabi/10.3.1/../../../arm-none-eabi/lib/thumb/v7e-m+fp/hard/libc.a(lib_a-fiprintf.o)
                0x0000000008005e5c                _fiprintf_r
                0x0000000008005e78                fiprintf
 .text          0x0000000008005ea0      0x2ac /usr/lib/gcc/arm-none-eabi/10.3.1/../../../arm-none-eabi/lib/thumb/v7e-m+fp/hard/libc.a(lib_a-freer.o)
                0x0000000008005ea0                _malloc_trim_r
                0x0000000008005f40                _free_r
 .text          0x000000000800614c       0x8c /usr/lib/gcc/arm-none-eabi/10.3.1/../../../arm-none-eabi/lib/thumb/v7e-m+fp/hard/libc.a(lib_a-locale.o)
                0x000000000800614c                _setlocale_r
                0x000000000800618c                __locale_mb_cur_max
                0x0000000008006198                setlocale
 .text          0x00000000080061d8       0x40 /usr/lib/gcc/arm-none-eabi/10.3.1/../../../arm-none-eabi/lib/thumb/v7e-m+fp/hard/libc.a(lib_a-mbtowc_r.o)
                0x00000000080061d8                _mbtowc_r
                0x00000000080061ec                __ascii_mbtowc
 .text          0x0000000008006218       0xf8 /usr/lib/gcc/arm-none-eabi/10.3.1/../../../arm-none-eabi/lib/thumb/v7e-m+fp/hard/libc.a(lib_a-memmove.o)
                0x0000000008006218                memmove
 .text          0x0000000008006310       0xa4 /usr/lib/gcc/arm-none-eabi/10.3.1/../../../arm-none-eabi/lib/thumb/v7e-m+fp/hard/libc.a(lib_a-memset.o)
                0x0000000008006310                memset
 .text          0x00000000080063b4      0x3d8 /usr/lib/gcc/arm-none-eabi/10.3.1/../../../arm-none-eabi/lib/thumb/v7e-m+fp/hard/libc.a(lib_a-reallocr.o)
                0x00000000080063b4                _realloc_r
 *fill*         0x000000000800678c       0x14 
 .text          0x00000000080067a0      0x2dc /usr/lib/gcc/arm-none-eabi/10.3.1/../../../arm-none-eabi/lib/thumb/v7e-m+fp/hard/libc.a(lib_a-strcmp.o)
                0x00000000080067a8                strcmp
 .text          0x0000000008006a7c      0xd44 /usr/lib/gcc/arm-none-eabi/10.3.1/../../../arm-none-eabi/lib/thumb/v7e-m+fp/hard/libc.a(lib_a-vfiprintf.o)
                0x0000000008006af4                __sprint_r
                0x0000000008006b0c                _vfiprintf_r
                0x0000000008007738                vfiprintf
 .text          0x00000000080077c0       0x30 /usr/lib/gcc/arm-none-eabi/10.3.1/../../../arm-none-eabi/lib/thumb/v7e-m+fp/hard/libc.a(lib_a-wctomb_r.o)
                0x00000000080077c0                _wctomb_r
                0x00000000080077d4                __ascii_wctomb
 .text          0x00000000080077f0       0xd4 /usr/lib/gcc/arm-none-eabi/10.3.1/../../../arm-none-eabi/lib/thumb/v7e-m+fp/hard/libc.a(lib_a-wsetup.o)
                0x00000000080077f0                __swsetup_r
 .text          0x00000000080078c4       0x10 /usr/lib/gcc/arm-none-eabi/10.3.1/../../../arm-none-eabi/lib/thumb/v7e-m+fp/hard/libc.a(lib_a-abort.o)
                0x00000000080078c4                abort
 .text          0x00000000080078d4      0x1ac /usr/lib/gcc/arm-none-eabi/10.3.1/../../../arm-none-eabi/lib/thumb/v7e-m+fp/hard/libc.a(lib_a-fflush.o)
                0x00000000080078d4                __sflush_r
                0x0000000008007a04                _fflush_r
                0x0000000008007a30                fflush
 .text          0x0000000008007a80      0x218 /usr/lib/gcc/arm-none-eabi/10.3.1/../../../arm-none-eabi/lib/thumb/v7e-m+fp/hard/libc.a(lib_a-findfp.o)
                0x0000000008007a84                _cleanup_r
                0x0000000008007b6c                __sfmoreglue
                0x0000000008007b9c                __sfp
                0x0000000008007c44                _cleanup
                0x0000000008007c58                __sinit
                0x0000000008007c60                __sfp_lock_acquire
                0x0000000008007c64                __sfp_lock_release
                0x0000000008007c68                __sinit_lock_acquire
                0x0000000008007c6c                __sinit_lock_release
                0x0000000008007c70                __fp_lock_all
                0x0000000008007c84                __fp_unlock_all
 .text          0x0000000008007c98      0x118 /usr/lib/gcc/arm-none-eabi/10.3.1/../../../arm-none-eabi/lib/thumb/v7e-m+fp/hard/libc.a(lib_a-fputwc.o)
                0x0000000008007c98                __fputwc
                0x0000000008007d40                _fputwc_r
                0x0000000008007d68                fputwc
 .text          0x0000000008007db0      0x2f0 /usr/lib/gcc/arm-none-eabi/10.3.1/../../../arm-none-eabi/lib/thumb/v7e-m+fp/hard/libc.a(lib_a-fvwrite.o)
                0x0000000008007db0                __sfvwrite_r
 .text          0x00000000080080a0       0x88 /usr/lib/gcc/arm-none-eabi/10.3.1/../../../arm-none-eabi/lib/thumb/v7e-m+fp/hard/libc.a(lib_a-fwalk.o)
                0x00000000080080a0                _fwalk
                0x00000000080080e0                _fwalk_reent
 .text          0x0000000008008128      0x140 /usr/lib/gcc/arm-none-eabi/10.3.1/../../../arm-none-eabi/lib/thumb/v7e-m+fp/hard/libc.a(lib_a-makebuf.o)
                0x0000000008008128                __smakebuf_r
                0x0000000008008208                __swhatbuf_r
 .text          0x0000000008008268      0x288 /usr/lib/gcc/arm-none-eabi/10.3.1/../../../arm-none-eabi/lib/thumb/v7e-m+fp/hard/libc.a(lib_a-signal.o)
                0x0000000008008268                _init_signal_r
                0x0000000008008298                _signal_r
                0x00000000080082e4                _raise_r
                0x000000000800833c                __sigtramp_r
                0x00000000080083a0                raise
                0x00000000080083fc                signal
                0x0000000008008450                _init_signal
                0x0000000008008488                __sigtramp
 .text          0x00000000080084f0       0x30 /usr/lib/gcc/arm-none-eabi/10.3.1/../../../arm-none-eabi/lib/thumb/v7e-m+fp/hard/libc.a(lib_a-signalr.o)
                0x00000000080084f0                _kill_r
                0x000000000800851c                _getpid_r
 .text          0x0000000008008520       0x90 /usr/lib/gcc/arm-none-eabi/10.3.1/../../../arm-none-eabi/lib/thumb/v7e-m+fp/hard/libc.a(lib_a-stdio.o)
                0x0000000008008520                __sread
                0x0000000008008544                __seofread
                0x0000000008008548                __swrite
                0x0000000008008588                __sseek
                0x00000000080085a8                __sclose
 .text          0x00000000080085b0       0xc8 /usr/lib/gcc/arm-none-eabi/10.3.1/../../../arm-none-eabi/lib/thumb/v7e-m+fp/hard/libc.a(lib_a-wbuf.o)
                0x00000000080085b0                __swbuf_r
                0x0000000008008660                __swbuf
 .text          0x0000000008008678       0x88 /usr/lib/gcc/arm-none-eabi/10.3.1/../../../arm-none-eabi/lib/thumb/v7e-m+fp/hard/libc.a(lib_a-wcrtomb.o)
                0x0000000008008678                _wcrtomb_r
                0x00000000080086b4                wcrtomb
 .text          0x0000000008008700       0x2c /usr/lib/gcc/arm-none-eabi/10.3.1/../../../arm-none-eabi/lib/thumb/v7e-m+fp/hard/libc.a(lib_a-writer.o)
                0x0000000008008700                _write_r
 .text          0x000000000800872c       0x24 /usr/lib/gcc/arm-none-eabi/10.3.1/../../../arm-none-eabi/lib/thumb/v7e-m+fp/hard/libc.a(lib_a-closer.o)
                0x000000000800872c                _close_r
 .text          0x0000000008008750       0xd4 /usr/lib/gcc/arm-none-eabi/10.3.1/../../../arm-none-eabi/lib/thumb/v7e-m+fp/hard/libc.a(lib_a-fclose.o)
                0x00000000080087b4                _fclose_r
                0x00000000080087e8                fclose
 .text          0x0000000008008824       0x2c /usr/lib/gcc/arm-none-eabi/10.3.1/../../../arm-none-eabi/lib/thumb/v7e-m+fp/hard/libc.a(lib_a-fstatr.o)
                0x0000000008008824                _fstat_r
 .text          0x0000000008008850       0x24 /usr/lib/gcc/arm-none-eabi/10.3.1/../../../arm-none-eabi/lib/thumb/v7e-m+fp/hard/libc.a(lib_a-isattyr.o)
                0x0000000008008850                _isatty_r
 .text          0x0000000008008874       0x2c /usr/lib/gcc/arm-none-eabi/10.3.1/../../../arm-none-eabi/lib/thumb/v7e-m+fp/hard/libc.a(lib_a-lseekr.o)
                0x0000000008008874                _lseek_r
 .text          0x00000000080088a0       0x2c /usr/lib/gcc/arm-none-eabi/10.3.1/../../../arm-none-eabi/lib/thumb/v7e-m+fp/hard/libc.a(lib_a-readr.o)
                0x00000000080088a0                _read_r
 .text          0x00000000080088cc      0x378 /usr/lib/gcc/arm-none-eabi/10.3.1/thumb/v7e-m+fp/hard/libgcc.a(_arm_addsubdf3.o)
                0x00000000080088cc                __aeabi_drsub
                0x00000000080088d4                __aeabi_dsub
                0x00000000080088d4                __subdf3
                0x00000000080088d8                __adddf3
                0x00000000080088d8                __aeabi_dadd
                0x0000000008008b50                __aeabi_ui2d
                0x0000000008008b50                __floatunsidf
                0x0000000008008b70                __floatsidf
                0x0000000008008b70                __aeabi_i2d
                0x0000000008008b94                __extendsfdf2
                0x0000000008008b94                __aeabi_f2d
                0x0000000008008bd8                __aeabi_ul2d
                0x0000000008008bd8                __floatundidf
                0x0000000008008be8                __floatdidf
                0x0000000008008be8                __aeabi_l2d
 .text          0x0000000008008c44      0x424 /usr/lib/gcc/arm-none-eabi/10.3.1/thumb/v7e-m+fp/hard/libgcc.a(_arm_muldivdf3.o)
                0x0000000008008c44                __aeabi_dmul
                0x0000000008008c44                __muldf3
                0x0000000008008e98                __aeabi_ddiv
                0x0000000008008e98                __divdf3
 .text          0x0000000008009068      0x110 /usr/lib/gcc/arm-none-eabi/10.3.1/thumb/v7e-m+fp/hard/libgcc.a(_arm_cmpdf2.o)
                0x0000000008009068                __gtdf2
                0x0000000008009068                __gedf2
                0x0000000008009070                __ltdf2
                0x0000000008009070                __ledf2
                0x0000000008009078                __cmpdf2
                0x0000000008009078                __eqdf2
                0x0000000008009078                __nedf2
                0x00000000080090f4                __aeabi_cdrcmple
                0x0000000008009104                __aeabi_cdcmple
                0x0000000008009104                __aeabi_cdcmpeq
                0x0000000008009114                __aeabi_dcmpeq
                0x0000000008009128                __aeabi_dcmplt
                0x000000000800913c                __aeabi_dcmple
                0x0000000008009150                __aeabi_dcmpge
                0x0000000008009164                __aeabi_dcmpgt
 .text          0x0000000008009178       0x2c /usr/lib/gcc/arm-none-eabi/10.3.1/thumb/v7e-m+fp/hard/libgcc.a(_arm_unorddf2.o)
                0x0000000008009178                __aeabi_dcmpun
                0x0000000008009178                __unorddf2
 .text          0x00000000080091a4       0x50 /usr/lib/gcc/arm-none-eabi/10.3.1/thumb/v7e-m+fp/hard/libgcc.a(_arm_fixdfsi.o)
                0x00000000080091a4                __fixdfsi
                0x00000000080091a4                __aeabi_d2iz
 .text          0x00000000080091f4       0x30 /usr/lib/gcc/arm-none-eabi/10.3.1/thumb/v7e-m+fp/hard/libgcc.a(_aeabi_uldivmod.o)
                0x00000000080091f4                __aeabi_uldivmod
 .text          0x0000000008009224      0x2d0 /usr/lib/gcc/arm-none-eabi/10.3.1/thumb/v7e-m+fp/hard/libgcc.a(_udivmoddi4.o)
                0x0000000008009224                __udivmoddi4
 .text          0x00000000080094f4        0x4 /usr/lib/gcc/arm-none-eabi/10.3.1/thumb/v7e-m+fp/hard/libgcc.a(_dvmd_tls.o)
                0x00000000080094f4                __aeabi_ldiv0
                0x00000000080094f4                __aeabi_idiv0
 .text          0x00000000080094f8       0x10 /usr/lib/gcc/arm-none-eabi/10.3.1/../../../arm-none-eabi/lib/thumb/v7e-m+fp/hard/libnosys.a(close.o)
                0x00000000080094f8                _close
 .text          0x0000000008009508       0x10 /usr/lib/gcc/arm-none-eabi/10.3.1/../../../arm-none-eabi/lib/thumb/v7e-m+fp/hard/libnosys.a(fstat.o)
                0x0000000008009508                _fstat
 .text          0x0000000008009518       0x10 /usr/lib/gcc/arm-none-eabi/10.3.1/../../../arm-none-eabi/lib/thumb/v7e-m+fp/hard/libnosys.a(getpid.o)
                0x0000000008009518                _getpid
 .text          0x0000000008009528       0x10 /usr/lib/gcc/arm-none-eabi/10.3.1/../../../arm-none-eabi/lib/thumb/v7e-m+fp/hard/libnosys.a(isatty.o)
                0x0000000008009528                _isatty
 .text          0x0000000008009538       0x10 /usr/lib/gcc/arm-none-eabi/10.3.1/../../../arm-none-eabi/lib/thumb/v7e-m+fp/hard/libnosys.a(kill.o)
                0x0000000008009538                _kill
 .text          0x0000000008009548       0x10 /usr/lib/gcc/arm-none-eabi/10.3.1/../../../arm-none-eabi/lib/thumb/v7e-m+fp/hard/libnosys.a(lseek.o)
                0x0000000008009548                _lseek
 .text          0x0000000008009558       0x10 /usr/lib/gcc/arm-none-eabi/10.3.1/../../../arm-none-eabi/lib/thumb/v7e-m+fp/hard/libnosys.a(read.o)
                0x0000000008009558                _read
 .text          0x0000000008009568       0x1c /usr/lib/gcc/arm-none-eabi/10.3.1/../../../arm-none-eabi/lib/thumb/v7e-m+fp/hard/libnosys.a(sbrk.o)
                0x0000000008009568                _sbrk
 .text          0x0000000008009584       0x10 /usr/lib/gcc/arm-none-eabi/10.3.1/../../../arm-none-eabi/lib/thumb/v7e-m+fp/hard/libnosys.a(write.o)
                0x0000000008009584                _write
 .text          0x0000000008009594        0x4 /usr/lib/gcc/arm-none-eabi/10.3.1/../../../arm-none-eabi/lib/thumb/v7e-m+fp/hard/libnosys.a(_exit.o)
                0x0000000008009594                _exit
                0x0000000008009598                . = ALIGN (0x4)
 *(.rodata*)
 .rodata.sdram_pins
                0x0000000008009598       0x30 sdram.o
 .rodata.print_hex.isra.0.str1.1
                0x00000000080095c8        0x3 lcd-spi.o
 .rodata.lcd_spi_init.str1.1
                0x00000000080095cb       0x62 lcd-spi.o
 .rodata.cmd_args
                0x000000000800962d       0x3a lcd-spi.o
 *fill*         0x0000000008009667        0x1 
 .rodata.initialization
                0x0000000008009668       0x50 lcd-spi.o
                0x0000000008009668                initialization
 .rodata.mcm_font
                0x00000000080096b8      0x480 gfx.o
 .rodata.main.str1.1
                0x0000000008009b38       0xba spi-mems.o
                                         0xbc (size before relaxing)
 .rodata.CSWTCH.2
                0x0000000008009bf2        0x3 ../../../../../libopencm3//lib/libopencm3_stm32f4.a(fmc_common_f47.o)
 *fill*         0x0000000008009bf5        0x3 
 .rodata.rcc_hse_8mhz_3v3
                0x0000000008009bf8       0x70 ../../../../../libopencm3//lib/libopencm3_stm32f4.a(rcc.o)
                0x0000000008009bf8                rcc_hse_8mhz_3v3
 .rodata.str1.4
                0x0000000008009c68       0x42 /usr/lib/gcc/arm-none-eabi/10.3.1/../../../arm-none-eabi/lib/thumb/v7e-m+fp/hard/libc.a(lib_a-svfprintf.o)
 *fill*         0x0000000008009caa        0x2 
 .rodata        0x0000000008009cac       0x20 /usr/lib/gcc/arm-none-eabi/10.3.1/../../../arm-none-eabi/lib/thumb/v7e-m+fp/hard/libc.a(lib_a-svfprintf.o)
 .rodata.str1.4
                0x0000000008009ccc       0x56 /usr/lib/gcc/arm-none-eabi/10.3.1/../../../arm-none-eabi/lib/thumb/v7e-m+fp/hard/libc.a(lib_a-dtoa.o)
                                         0x5a (size before relaxing)
 *fill*         0x0000000008009d22        0x2 
 .rodata        0x0000000008009d24        0x4 /usr/lib/gcc/arm-none-eabi/10.3.1/../../../arm-none-eabi/lib/thumb/v7e-m+fp/hard/libc.a(lib_a-impure.o)
                0x0000000008009d24                _global_impure_ptr
 .rodata.str1.4
                0x0000000008009d28       0x33 /usr/lib/gcc/arm-none-eabi/10.3.1/../../../arm-none-eabi/lib/thumb/v7e-m+fp/hard/libc.a(lib_a-mprec.o)
                                         0x47 (size before relaxing)
 *fill*         0x0000000008009d5b        0x5 
 .rodata        0x0000000008009d60      0x128 /usr/lib/gcc/arm-none-eabi/10.3.1/../../../arm-none-eabi/lib/thumb/v7e-m+fp/hard/libc.a(lib_a-mprec.o)
                0x0000000008009d70                __mprec_tens
                0x0000000008009e38                __mprec_tinytens
                0x0000000008009e60                __mprec_bigtens
 .rodata.str1.4
                0x0000000008009e88       0x2f /usr/lib/gcc/arm-none-eabi/10.3.1/../../../arm-none-eabi/lib/thumb/v7e-m+fp/hard/libc.a(lib_a-svfiprintf.o)
 .rodata        0x0000000008009e88       0x20 /usr/lib/gcc/arm-none-eabi/10.3.1/../../../arm-none-eabi/lib/thumb/v7e-m+fp/hard/libc.a(lib_a-svfiprintf.o)
 .rodata.str1.4
                0x0000000008009ea8       0x3f /usr/lib/gcc/arm-none-eabi/10.3.1/../../../arm-none-eabi/lib/thumb/v7e-m+fp/hard/libc.a(lib_a-assert.o)
                                         0x43 (size before relaxing)
 *fill*         0x0000000008009ee7        0x1 
 .rodata.str1.4
                0x0000000008009ee8        0xe /usr/lib/gcc/arm-none-eabi/10.3.1/../../../arm-none-eabi/lib/thumb/v7e-m+fp/hard/libc.a(lib_a-locale.o)
                                         0x12 (size before relaxing)
 .rodata.str1.4
                0x0000000008009ef6       0x2f /usr/lib/gcc/arm-none-eabi/10.3.1/../../../arm-none-eabi/lib/thumb/v7e-m+fp/hard/libc.a(lib_a-vfiprintf.o)
 *fill*         0x0000000008009ef6        0x2 
 .rodata        0x0000000008009ef8       0x20 /usr/lib/gcc/arm-none-eabi/10.3.1/../../../arm-none-eabi/lib/thumb/v7e-m+fp/hard/libc.a(lib_a-vfiprintf.o)
 .rodata        0x0000000008009f18      0x101 /usr/lib/gcc/arm-none-eabi/10.3.1/../../../arm-none-eabi/lib/thumb/v7e-m+fp/hard/libc.a(lib_a-ctype_.o)
                0x0000000008009f18                _ctype_
                0x000000000800a01c                . = ALIGN (0x4)
 *fill*         0x000000000800a019        0x3 

.glue_7         0x000000000800a01c        0x0
 .glue_7        0x000000000800a01c        0x0 linker stubs

.glue_7t        0x000000000800a01c        0x0
 .glue_7t       0x000000000800a01c        0x0 linker stubs

.vfp11_veneer   0x000000000800a01c        0x0
 .vfp11_veneer  0x000000000800a01c        0x0 linker stubs

.v4_bx          0x000000000800a01c        0x0
 .v4_bx         0x000000000800a01c        0x0 linker stubs

.iplt           0x000000000800a01c        0x0
 .iplt          0x000000000800a01c        0x0 sdram.o

.preinit_array  0x000000000800a01c        0x0
                0x000000000800a01c                . = ALIGN (0x4)
                0x000000000800a01c                __preinit_array_start = .
 *(.preinit_array)
                0x000000000800a01c                __preinit_array_end = .

.init_array     0x000000000800a01c        0x0
                0x000000000800a01c                . = ALIGN (0x4)
                0x000000000800a01c                __init_array_start = .
 *(SORT_BY_NAME(.init_array.*))
 *(.init_array)
                0x000000000800a01c                __init_array_end = .

.fini_array     0x000000000800a01c        0x0
                0x000000000800a01c                . = ALIGN (0x4)
                0x000000000800a01c                __fini_array_start = .
 *(.fini_array)
 *(SORT_BY_NAME(.fini_array.*))
                0x000000000800a01c                __fini_array_end = .

.ARM.extab
 *(.ARM.extab*)

.ARM.exidx      0x000000000800a01c        0x8
                0x000000000800a01c                __exidx_start = .
 *(.ARM.exidx*)
 .ARM.exidx     0x000000000800a01c        0x8 /usr/lib/gcc/arm-none-eabi/10.3.1/thumb/v7e-m+fp/hard/libgcc.a(_udivmoddi4.o)
                0x000000000800a024                __exidx_end = .

.rel.dyn        0x000000000800a024        0x0
 .rel.iplt      0x000000000800a024        0x0 sdram.o
                0x000000000800a024                . = ALIGN (0x4)
                0x000000000800a024                _etext = .

.noinit
 *(.noinit*)
                0x000000000800a024                . = ALIGN (0x4)

.data           0x0000000020000000      0x9d4 load address 0x000000000800a024
                0x0000000020000000                _data = .
 *(.data*)
 .data.timing   0x0000000020000000       0x1c sdram.o
 .data.rcc_ahb_frequency
                0x000000002000001c        0x4 ../../../../../libopencm3//lib/libopencm3_stm32f4.a(rcc.o)
                0x000000002000001c                rcc_ahb_frequency
 .data.rcc_apb1_frequency
                0x0000000020000020        0x4 ../../../../../libopencm3//lib/libopencm3_stm32f4.a(rcc.o)
                0x0000000020000020                rcc_apb1_frequency
 .data.rcc_apb2_frequency
                0x0000000020000024        0x4 ../../../../../libopencm3//lib/libopencm3_stm32f4.a(rcc.o)
                0x0000000020000024                rcc_apb2_frequency
 .data          0x0000000020000028      0x430 /usr/lib/gcc/arm-none-eabi/10.3.1/../../../arm-none-eabi/lib/thumb/v7e-m+fp/hard/libc.a(lib_a-impure.o)
                0x0000000020000028                _impure_ptr
 .data          0x0000000020000458      0x410 /usr/lib/gcc/arm-none-eabi/10.3.1/../../../arm-none-eabi/lib/thumb/v7e-m+fp/hard/libc.a(lib_a-mallocr.o)
                0x0000000020000458                __malloc_av_
                0x0000000020000860                __malloc_sbrk_base
                0x0000000020000864                __malloc_trim_threshold
 .data          0x0000000020000868      0x16c /usr/lib/gcc/arm-none-eabi/10.3.1/../../../arm-none-eabi/lib/thumb/v7e-m+fp/hard/libc.a(lib_a-locale.o)
                0x0000000020000868                __global_locale
 *(.ramtext*)
                0x00000000200009d4                . = ALIGN (0x4)
                0x00000000200009d4                _edata = .
                0x000000000800a024                _data_loadaddr = LOADADDR (.data)

.igot.plt       0x00000000200009d4        0x0 load address 0x000000000800a9f8
 .igot.plt      0x00000000200009d4        0x0 sdram.o

.bss            0x00000000200009d4       0xec load address 0x000000000800a9f8
 *(.bss*)
 .bss.system_millis
                0x00000000200009d4        0x4 clock.o
 .bss.recv_buf  0x00000000200009d8       0x80 console.o
                0x00000000200009d8                recv_buf
 .bss.recv_ndx_cur
                0x0000000020000a58        0x4 console.o
                0x0000000020000a58                recv_ndx_cur
 .bss.recv_ndx_nxt
                0x0000000020000a5c        0x4 console.o
                0x0000000020000a5c                recv_ndx_nxt
 .bss.cur_frame
                0x0000000020000a60        0x4 lcd-spi.o
                0x0000000020000a60                cur_frame
 .bss.display_frame
                0x0000000020000a64        0x4 lcd-spi.o
                0x0000000020000a64                display_frame
 .bss.__gfx_state
                0x0000000020000a68       0x14 gfx.o
                0x0000000020000a68                __gfx_state
 .bss.bat_lv    0x0000000020000a7c        0x1 spi-mems.o
                0x0000000020000a7c                bat_lv
 *fill*         0x0000000020000a7d        0x1 
 .bss.bateria   0x0000000020000a7e        0x2 spi-mems.o
                0x0000000020000a7e                bateria
 .bss.com_en    0x0000000020000a80        0x1 spi-mems.o
                0x0000000020000a80                com_en
 *fill*         0x0000000020000a81        0x3 
 .bss           0x0000000020000a84       0x34 /usr/lib/gcc/arm-none-eabi/10.3.1/../../../arm-none-eabi/lib/thumb/v7e-m+fp/hard/libc.a(lib_a-mallocr.o)
                0x0000000020000a84                __malloc_top_pad
                0x0000000020000a88                __malloc_current_mallinfo
                0x0000000020000ab0                __malloc_max_sbrked_mem
                0x0000000020000ab4                __malloc_max_total_mem
 .bss           0x0000000020000ab8        0x4 /usr/lib/gcc/arm-none-eabi/10.3.1/../../../arm-none-eabi/lib/thumb/v7e-m+fp/hard/libc.a(lib_a-reent.o)
                0x0000000020000ab8                errno
 .bss           0x0000000020000abc        0x4 /usr/lib/gcc/arm-none-eabi/10.3.1/../../../arm-none-eabi/lib/thumb/v7e-m+fp/hard/libnosys.a(sbrk.o)
 *(COMMON)
                0x0000000020000ac0                . = ALIGN (0x4)
                0x0000000020000ac0                _ebss = .

/DISCARD/
 *(.eh_frame)
                0x0000000020000ac0                . = ALIGN (0x4)
                0x0000000020000ac0                end = .
                0x0000000020030000                PROVIDE (_stack = (ORIGIN (ram) + LENGTH (ram)))
OUTPUT(spi-mems.elf elf32-littlearm)
LOAD linker stubs

.debug_info     0x0000000000000000    0x2bc83
 .debug_info    0x0000000000000000      0x87e sdram.o
 .debug_info    0x000000000000087e      0x2fc clock.o
 .debug_info    0x0000000000000b7a      0x947 console.o
 .debug_info    0x00000000000014c1      0xd70 lcd-spi.o
 .debug_info    0x0000000000002231     0x1813 gfx.o
 .debug_info    0x0000000000003a44     0x1929 spi-mems.o
 .debug_info    0x000000000000536d      0x8c5 ../../../../../libopencm3//lib/libopencm3_stm32f4.a(adc_common_v1.o)
 .debug_info    0x0000000000005c32      0x3c3 ../../../../../libopencm3//lib/libopencm3_stm32f4.a(adc_common_v1_multi.o)
 .debug_info    0x0000000000005ff5      0x18d ../../../../../libopencm3//lib/libopencm3_stm32f4.a(adc_common_f47.o)
 .debug_info    0x0000000000006182      0x209 ../../../../../libopencm3//lib/libopencm3_stm32f4.a(fmc_common_f47.o)
 .debug_info    0x000000000000638b      0x24e ../../../../../libopencm3//lib/libopencm3_stm32f4.a(gpio_common_all.o)
 .debug_info    0x00000000000065d9      0x20f ../../../../../libopencm3//lib/libopencm3_stm32f4.a(gpio_common_f0234.o)
 .debug_info    0x00000000000067e8      0x950 ../../../../../libopencm3//lib/libopencm3_stm32f4.a(rcc_common_all.o)
 .debug_info    0x0000000000007138     0x1027 ../../../../../libopencm3//lib/libopencm3_stm32f4.a(rcc.o)
 .debug_info    0x000000000000815f      0x81c ../../../../../libopencm3//lib/libopencm3_stm32f4.a(spi_common_all.o)
 .debug_info    0x000000000000897b      0x15e ../../../../../libopencm3//lib/libopencm3_stm32f4.a(spi_common_v1.o)
 .debug_info    0x0000000000008ad9      0x5ac ../../../../../libopencm3//lib/libopencm3_stm32f4.a(usart_common_all.o)
 .debug_info    0x0000000000009085      0x2e6 ../../../../../libopencm3//lib/libopencm3_stm32f4.a(vector.o)
 .debug_info    0x000000000000936b      0x268 ../../../../../libopencm3//lib/libopencm3_stm32f4.a(systick.o)
 .debug_info    0x00000000000095d3       0xd2 ../../../../../libopencm3//lib/libopencm3_stm32f4.a(scb.o)
 .debug_info    0x00000000000096a5      0x22d ../../../../../libopencm3//lib/libopencm3_stm32f4.a(nvic.o)
 .debug_info    0x00000000000098d2       0xf0 ../../../../../libopencm3//lib/libopencm3_stm32f4.a(flash_common_all.o)
 .debug_info    0x00000000000099c2       0xe8 ../../../../../libopencm3//lib/libopencm3_stm32f4.a(flash_common_idcache.o)
 .debug_info    0x0000000000009aaa       0xdc ../../../../../libopencm3//lib/libopencm3_stm32f4.a(pwr.o)
 .debug_info    0x0000000000009b86      0xa8c /usr/lib/gcc/arm-none-eabi/10.3.1/../../../arm-none-eabi/lib/thumb/v7e-m+fp/hard/libc.a(lib_a-sprintf.o)
 .debug_info    0x000000000000a612      0x125 /usr/lib/gcc/arm-none-eabi/10.3.1/../../../arm-none-eabi/lib/thumb/v7e-m+fp/hard/libc.a(lib_a-strcat.o)
 .debug_info    0x000000000000a737       0xc4 /usr/lib/gcc/arm-none-eabi/10.3.1/../../../arm-none-eabi/lib/thumb/v7e-m+fp/hard/libc.a(lib_a-strcpy.o)
 .debug_info    0x000000000000a7fb     0x1929 /usr/lib/gcc/arm-none-eabi/10.3.1/../../../arm-none-eabi/lib/thumb/v7e-m+fp/hard/libc.a(lib_a-svfprintf.o)
 .debug_info    0x000000000000c124     0x1a53 /usr/lib/gcc/arm-none-eabi/10.3.1/../../../arm-none-eabi/lib/thumb/v7e-m+fp/hard/libc.a(lib_a-dtoa.o)
 .debug_info    0x000000000000db77      0x92a /usr/lib/gcc/arm-none-eabi/10.3.1/../../../arm-none-eabi/lib/thumb/v7e-m+fp/hard/libc.a(lib_a-impure.o)
 .debug_info    0x000000000000e4a1      0xc3e /usr/lib/gcc/arm-none-eabi/10.3.1/../../../arm-none-eabi/lib/thumb/v7e-m+fp/hard/libc.a(lib_a-localeconv.o)
 .debug_info    0x000000000000f0df      0xe95 /usr/lib/gcc/arm-none-eabi/10.3.1/../../../arm-none-eabi/lib/thumb/v7e-m+fp/hard/libc.a(lib_a-mallocr.o)
 .debug_info    0x000000000000ff74       0x26 /usr/lib/gcc/arm-none-eabi/10.3.1/../../../arm-none-eabi/lib/thumb/v7e-m+fp/hard/libc.a(lib_a-memchr.o)
 .debug_info    0x000000000000ff9a       0x26 /usr/lib/gcc/arm-none-eabi/10.3.1/../../../arm-none-eabi/lib/thumb/v7e-m+fp/hard/libc.a(lib_a-memcpy.o)
 .debug_info    0x000000000000ffc0      0x942 /usr/lib/gcc/arm-none-eabi/10.3.1/../../../arm-none-eabi/lib/thumb/v7e-m+fp/hard/libc.a(lib_a-mlock.o)
 .debug_info    0x0000000000010902     0x20d2 /usr/lib/gcc/arm-none-eabi/10.3.1/../../../arm-none-eabi/lib/thumb/v7e-m+fp/hard/libc.a(lib_a-mprec.o)
 .debug_info    0x00000000000129d4      0x98e /usr/lib/gcc/arm-none-eabi/10.3.1/../../../arm-none-eabi/lib/thumb/v7e-m+fp/hard/libc.a(lib_a-sbrkr.o)
 .debug_info    0x0000000000013362       0x26 /usr/lib/gcc/arm-none-eabi/10.3.1/../../../arm-none-eabi/lib/thumb/v7e-m+fp/hard/libc.a(lib_a-strlen.o)
 .debug_info    0x0000000000013388     0x1367 /usr/lib/gcc/arm-none-eabi/10.3.1/../../../arm-none-eabi/lib/thumb/v7e-m+fp/hard/libc.a(lib_a-svfiprintf.o)
 .debug_info    0x00000000000146ef      0xa23 /usr/lib/gcc/arm-none-eabi/10.3.1/../../../arm-none-eabi/lib/thumb/v7e-m+fp/hard/libc.a(lib_a-assert.o)
 .debug_info    0x0000000000015112      0xa81 /usr/lib/gcc/arm-none-eabi/10.3.1/../../../arm-none-eabi/lib/thumb/v7e-m+fp/hard/libc.a(lib_a-callocr.o)
 .debug_info    0x0000000000015b93      0xa5f /usr/lib/gcc/arm-none-eabi/10.3.1/../../../arm-none-eabi/lib/thumb/v7e-m+fp/hard/libc.a(lib_a-fiprintf.o)
 .debug_info    0x00000000000165f2      0xd10 /usr/lib/gcc/arm-none-eabi/10.3.1/../../../arm-none-eabi/lib/thumb/v7e-m+fp/hard/libc.a(lib_a-freer.o)
 .debug_info    0x0000000000017302      0xe0a /usr/lib/gcc/arm-none-eabi/10.3.1/../../../arm-none-eabi/lib/thumb/v7e-m+fp/hard/libc.a(lib_a-locale.o)
 .debug_info    0x000000000001810c      0xccd /usr/lib/gcc/arm-none-eabi/10.3.1/../../../arm-none-eabi/lib/thumb/v7e-m+fp/hard/libc.a(lib_a-mbtowc_r.o)
 .debug_info    0x0000000000018dd9      0x152 /usr/lib/gcc/arm-none-eabi/10.3.1/../../../arm-none-eabi/lib/thumb/v7e-m+fp/hard/libc.a(lib_a-memmove.o)
 .debug_info    0x0000000000018f2b      0x137 /usr/lib/gcc/arm-none-eabi/10.3.1/../../../arm-none-eabi/lib/thumb/v7e-m+fp/hard/libc.a(lib_a-memset.o)
 .debug_info    0x0000000000019062      0xdb4 /usr/lib/gcc/arm-none-eabi/10.3.1/../../../arm-none-eabi/lib/thumb/v7e-m+fp/hard/libc.a(lib_a-reallocr.o)
 .debug_info    0x0000000000019e16      0xbda /usr/lib/gcc/arm-none-eabi/10.3.1/../../../arm-none-eabi/lib/thumb/v7e-m+fp/hard/libc.a(lib_a-reent.o)
 .debug_info    0x000000000001a9f0       0x26 /usr/lib/gcc/arm-none-eabi/10.3.1/../../../arm-none-eabi/lib/thumb/v7e-m+fp/hard/libc.a(lib_a-strcmp.o)
 .debug_info    0x000000000001aa16     0x1926 /usr/lib/gcc/arm-none-eabi/10.3.1/../../../arm-none-eabi/lib/thumb/v7e-m+fp/hard/libc.a(lib_a-vfiprintf.o)
 .debug_info    0x000000000001c33c      0xc86 /usr/lib/gcc/arm-none-eabi/10.3.1/../../../arm-none-eabi/lib/thumb/v7e-m+fp/hard/libc.a(lib_a-wctomb_r.o)
 .debug_info    0x000000000001cfc2      0x9c2 /usr/lib/gcc/arm-none-eabi/10.3.1/../../../arm-none-eabi/lib/thumb/v7e-m+fp/hard/libc.a(lib_a-wsetup.o)
 .debug_info    0x000000000001d984       0xcb /usr/lib/gcc/arm-none-eabi/10.3.1/../../../arm-none-eabi/lib/thumb/v7e-m+fp/hard/libc.a(lib_a-abort.o)
 .debug_info    0x000000000001da4f       0xb8 /usr/lib/gcc/arm-none-eabi/10.3.1/../../../arm-none-eabi/lib/thumb/v7e-m+fp/hard/libc.a(lib_a-ctype_.o)
 .debug_info    0x000000000001db07      0xbe3 /usr/lib/gcc/arm-none-eabi/10.3.1/../../../arm-none-eabi/lib/thumb/v7e-m+fp/hard/libc.a(lib_a-fflush.o)
 .debug_info    0x000000000001e6ea      0xf66 /usr/lib/gcc/arm-none-eabi/10.3.1/../../../arm-none-eabi/lib/thumb/v7e-m+fp/hard/libc.a(lib_a-findfp.o)
 .debug_info    0x000000000001f650      0xc12 /usr/lib/gcc/arm-none-eabi/10.3.1/../../../arm-none-eabi/lib/thumb/v7e-m+fp/hard/libc.a(lib_a-fputwc.o)
 .debug_info    0x0000000000020262      0xcc4 /usr/lib/gcc/arm-none-eabi/10.3.1/../../../arm-none-eabi/lib/thumb/v7e-m+fp/hard/libc.a(lib_a-fvwrite.o)
 .debug_info    0x0000000000020f26      0xa66 /usr/lib/gcc/arm-none-eabi/10.3.1/../../../arm-none-eabi/lib/thumb/v7e-m+fp/hard/libc.a(lib_a-fwalk.o)
 .debug_info    0x000000000002198c      0xdf2 /usr/lib/gcc/arm-none-eabi/10.3.1/../../../arm-none-eabi/lib/thumb/v7e-m+fp/hard/libc.a(lib_a-makebuf.o)
 .debug_info    0x000000000002277e      0xf32 /usr/lib/gcc/arm-none-eabi/10.3.1/../../../arm-none-eabi/lib/thumb/v7e-m+fp/hard/libc.a(lib_a-signal.o)
 .debug_info    0x00000000000236b0      0x9d7 /usr/lib/gcc/arm-none-eabi/10.3.1/../../../arm-none-eabi/lib/thumb/v7e-m+fp/hard/libc.a(lib_a-signalr.o)
 .debug_info    0x0000000000024087      0xc22 /usr/lib/gcc/arm-none-eabi/10.3.1/../../../arm-none-eabi/lib/thumb/v7e-m+fp/hard/libc.a(lib_a-stdio.o)
 .debug_info    0x0000000000024ca9      0xa5f /usr/lib/gcc/arm-none-eabi/10.3.1/../../../arm-none-eabi/lib/thumb/v7e-m+fp/hard/libc.a(lib_a-wbuf.o)
 .debug_info    0x0000000000025708      0xd4f /usr/lib/gcc/arm-none-eabi/10.3.1/../../../arm-none-eabi/lib/thumb/v7e-m+fp/hard/libc.a(lib_a-wcrtomb.o)
 .debug_info    0x0000000000026457      0x9c0 /usr/lib/gcc/arm-none-eabi/10.3.1/../../../arm-none-eabi/lib/thumb/v7e-m+fp/hard/libc.a(lib_a-writer.o)
 .debug_info    0x0000000000026e17      0x96b /usr/lib/gcc/arm-none-eabi/10.3.1/../../../arm-none-eabi/lib/thumb/v7e-m+fp/hard/libc.a(lib_a-closer.o)
 .debug_info    0x0000000000027782      0xb4a /usr/lib/gcc/arm-none-eabi/10.3.1/../../../arm-none-eabi/lib/thumb/v7e-m+fp/hard/libc.a(lib_a-fclose.o)
 .debug_info    0x00000000000282cc      0xb83 /usr/lib/gcc/arm-none-eabi/10.3.1/../../../arm-none-eabi/lib/thumb/v7e-m+fp/hard/libc.a(lib_a-fstatr.o)
 .debug_info    0x0000000000028e4f      0x96b /usr/lib/gcc/arm-none-eabi/10.3.1/../../../arm-none-eabi/lib/thumb/v7e-m+fp/hard/libc.a(lib_a-isattyr.o)
 .debug_info    0x00000000000297ba      0x9a1 /usr/lib/gcc/arm-none-eabi/10.3.1/../../../arm-none-eabi/lib/thumb/v7e-m+fp/hard/libc.a(lib_a-lseekr.o)
 .debug_info    0x000000000002a15b      0x9b9 /usr/lib/gcc/arm-none-eabi/10.3.1/../../../arm-none-eabi/lib/thumb/v7e-m+fp/hard/libc.a(lib_a-readr.o)
 .debug_info    0x000000000002ab14       0x26 /usr/lib/gcc/arm-none-eabi/10.3.1/thumb/v7e-m+fp/hard/libgcc.a(_arm_addsubdf3.o)
 .debug_info    0x000000000002ab3a       0x26 /usr/lib/gcc/arm-none-eabi/10.3.1/thumb/v7e-m+fp/hard/libgcc.a(_arm_muldivdf3.o)
 .debug_info    0x000000000002ab60       0x26 /usr/lib/gcc/arm-none-eabi/10.3.1/thumb/v7e-m+fp/hard/libgcc.a(_arm_cmpdf2.o)
 .debug_info    0x000000000002ab86       0x26 /usr/lib/gcc/arm-none-eabi/10.3.1/thumb/v7e-m+fp/hard/libgcc.a(_arm_unorddf2.o)
 .debug_info    0x000000000002abac       0x26 /usr/lib/gcc/arm-none-eabi/10.3.1/thumb/v7e-m+fp/hard/libgcc.a(_arm_fixdfsi.o)
 .debug_info    0x000000000002abd2       0x26 /usr/lib/gcc/arm-none-eabi/10.3.1/thumb/v7e-m+fp/hard/libgcc.a(_aeabi_uldivmod.o)
 .debug_info    0x000000000002abf8      0x717 /usr/lib/gcc/arm-none-eabi/10.3.1/thumb/v7e-m+fp/hard/libgcc.a(_udivmoddi4.o)
 .debug_info    0x000000000002b30f       0x26 /usr/lib/gcc/arm-none-eabi/10.3.1/thumb/v7e-m+fp/hard/libgcc.a(_dvmd_tls.o)
 .debug_info    0x000000000002b335       0xb1 /usr/lib/gcc/arm-none-eabi/10.3.1/../../../arm-none-eabi/lib/thumb/v7e-m+fp/hard/libnosys.a(close.o)
 .debug_info    0x000000000002b3e6      0x2cc /usr/lib/gcc/arm-none-eabi/10.3.1/../../../arm-none-eabi/lib/thumb/v7e-m+fp/hard/libnosys.a(fstat.o)
 .debug_info    0x000000000002b6b2       0x9c /usr/lib/gcc/arm-none-eabi/10.3.1/../../../arm-none-eabi/lib/thumb/v7e-m+fp/hard/libnosys.a(getpid.o)
 .debug_info    0x000000000002b74e       0xb1 /usr/lib/gcc/arm-none-eabi/10.3.1/../../../arm-none-eabi/lib/thumb/v7e-m+fp/hard/libnosys.a(isatty.o)
 .debug_info    0x000000000002b7ff       0xbf /usr/lib/gcc/arm-none-eabi/10.3.1/../../../arm-none-eabi/lib/thumb/v7e-m+fp/hard/libnosys.a(kill.o)
 .debug_info    0x000000000002b8be       0xd3 /usr/lib/gcc/arm-none-eabi/10.3.1/../../../arm-none-eabi/lib/thumb/v7e-m+fp/hard/libnosys.a(lseek.o)
 .debug_info    0x000000000002b991       0xd9 /usr/lib/gcc/arm-none-eabi/10.3.1/../../../arm-none-eabi/lib/thumb/v7e-m+fp/hard/libnosys.a(read.o)
 .debug_info    0x000000000002ba6a       0x9d /usr/lib/gcc/arm-none-eabi/10.3.1/../../../arm-none-eabi/lib/thumb/v7e-m+fp/hard/libnosys.a(sbrk.o)
 .debug_info    0x000000000002bb07       0xd9 /usr/lib/gcc/arm-none-eabi/10.3.1/../../../arm-none-eabi/lib/thumb/v7e-m+fp/hard/libnosys.a(write.o)
 .debug_info    0x000000000002bbe0       0xa3 /usr/lib/gcc/arm-none-eabi/10.3.1/../../../arm-none-eabi/lib/thumb/v7e-m+fp/hard/libnosys.a(_exit.o)

.debug_abbrev   0x0000000000000000     0x9458
 .debug_abbrev  0x0000000000000000      0x16b sdram.o
 .debug_abbrev  0x000000000000016b      0x1a7 clock.o
 .debug_abbrev  0x0000000000000312      0x1f7 console.o
 .debug_abbrev  0x0000000000000509      0x339 lcd-spi.o
 .debug_abbrev  0x0000000000000842      0x31f gfx.o
 .debug_abbrev  0x0000000000000b61      0x29d spi-mems.o
 .debug_abbrev  0x0000000000000dfe      0x181 ../../../../../libopencm3//lib/libopencm3_stm32f4.a(adc_common_v1.o)
 .debug_abbrev  0x0000000000000f7f      0x167 ../../../../../libopencm3//lib/libopencm3_stm32f4.a(adc_common_v1_multi.o)
 .debug_abbrev  0x00000000000010e6       0xea ../../../../../libopencm3//lib/libopencm3_stm32f4.a(adc_common_f47.o)
 .debug_abbrev  0x00000000000011d0      0x10c ../../../../../libopencm3//lib/libopencm3_stm32f4.a(fmc_common_f47.o)
 .debug_abbrev  0x00000000000012dc      0x116 ../../../../../libopencm3//lib/libopencm3_stm32f4.a(gpio_common_all.o)
 .debug_abbrev  0x00000000000013f2       0xbf ../../../../../libopencm3//lib/libopencm3_stm32f4.a(gpio_common_f0234.o)
 .debug_abbrev  0x00000000000014b1      0x177 ../../../../../libopencm3//lib/libopencm3_stm32f4.a(rcc_common_all.o)
 .debug_abbrev  0x0000000000001628      0x2ba ../../../../../libopencm3//lib/libopencm3_stm32f4.a(rcc.o)
 .debug_abbrev  0x00000000000018e2      0x197 ../../../../../libopencm3//lib/libopencm3_stm32f4.a(spi_common_all.o)
 .debug_abbrev  0x0000000000001a79       0xd2 ../../../../../libopencm3//lib/libopencm3_stm32f4.a(spi_common_v1.o)
 .debug_abbrev  0x0000000000001b4b      0x129 ../../../../../libopencm3//lib/libopencm3_stm32f4.a(usart_common_all.o)
 .debug_abbrev  0x0000000000001c74      0x15b ../../../../../libopencm3//lib/libopencm3_stm32f4.a(vector.o)
 .debug_abbrev  0x0000000000001dcf      0x155 ../../../../../libopencm3//lib/libopencm3_stm32f4.a(systick.o)
 .debug_abbrev  0x0000000000001f24       0x89 ../../../../../libopencm3//lib/libopencm3_stm32f4.a(scb.o)
 .debug_abbrev  0x0000000000001fad       0xb5 ../../../../../libopencm3//lib/libopencm3_stm32f4.a(nvic.o)
 .debug_abbrev  0x0000000000002062       0x9a ../../../../../libopencm3//lib/libopencm3_stm32f4.a(flash_common_all.o)
 .debug_abbrev  0x00000000000020fc       0x56 ../../../../../libopencm3//lib/libopencm3_stm32f4.a(flash_common_idcache.o)
 .debug_abbrev  0x0000000000002152       0x9c ../../../../../libopencm3//lib/libopencm3_stm32f4.a(pwr.o)
 .debug_abbrev  0x00000000000021ee      0x27a /usr/lib/gcc/arm-none-eabi/10.3.1/../../../arm-none-eabi/lib/thumb/v7e-m+fp/hard/libc.a(lib_a-sprintf.o)
 .debug_abbrev  0x0000000000002468       0xc4 /usr/lib/gcc/arm-none-eabi/10.3.1/../../../arm-none-eabi/lib/thumb/v7e-m+fp/hard/libc.a(lib_a-strcat.o)
 .debug_abbrev  0x000000000000252c       0x7b /usr/lib/gcc/arm-none-eabi/10.3.1/../../../arm-none-eabi/lib/thumb/v7e-m+fp/hard/libc.a(lib_a-strcpy.o)
 .debug_abbrev  0x00000000000025a7      0x3db /usr/lib/gcc/arm-none-eabi/10.3.1/../../../arm-none-eabi/lib/thumb/v7e-m+fp/hard/libc.a(lib_a-svfprintf.o)
 .debug_abbrev  0x0000000000002982      0x323 /usr/lib/gcc/arm-none-eabi/10.3.1/../../../arm-none-eabi/lib/thumb/v7e-m+fp/hard/libc.a(lib_a-dtoa.o)
 .debug_abbrev  0x0000000000002ca5      0x1b8 /usr/lib/gcc/arm-none-eabi/10.3.1/../../../arm-none-eabi/lib/thumb/v7e-m+fp/hard/libc.a(lib_a-impure.o)
 .debug_abbrev  0x0000000000002e5d      0x26a /usr/lib/gcc/arm-none-eabi/10.3.1/../../../arm-none-eabi/lib/thumb/v7e-m+fp/hard/libc.a(lib_a-localeconv.o)
 .debug_abbrev  0x00000000000030c7      0x2f6 /usr/lib/gcc/arm-none-eabi/10.3.1/../../../arm-none-eabi/lib/thumb/v7e-m+fp/hard/libc.a(lib_a-mallocr.o)
 .debug_abbrev  0x00000000000033bd       0x14 /usr/lib/gcc/arm-none-eabi/10.3.1/../../../arm-none-eabi/lib/thumb/v7e-m+fp/hard/libc.a(lib_a-memchr.o)
 .debug_abbrev  0x00000000000033d1       0x14 /usr/lib/gcc/arm-none-eabi/10.3.1/../../../arm-none-eabi/lib/thumb/v7e-m+fp/hard/libc.a(lib_a-memcpy.o)
 .debug_abbrev  0x00000000000033e5      0x1f0 /usr/lib/gcc/arm-none-eabi/10.3.1/../../../arm-none-eabi/lib/thumb/v7e-m+fp/hard/libc.a(lib_a-mlock.o)
 .debug_abbrev  0x00000000000035d5      0x4ae /usr/lib/gcc/arm-none-eabi/10.3.1/../../../arm-none-eabi/lib/thumb/v7e-m+fp/hard/libc.a(lib_a-mprec.o)
 .debug_abbrev  0x0000000000003a83      0x23d /usr/lib/gcc/arm-none-eabi/10.3.1/../../../arm-none-eabi/lib/thumb/v7e-m+fp/hard/libc.a(lib_a-sbrkr.o)
 .debug_abbrev  0x0000000000003cc0       0x14 /usr/lib/gcc/arm-none-eabi/10.3.1/../../../arm-none-eabi/lib/thumb/v7e-m+fp/hard/libc.a(lib_a-strlen.o)
 .debug_abbrev  0x0000000000003cd4      0x2fa /usr/lib/gcc/arm-none-eabi/10.3.1/../../../arm-none-eabi/lib/thumb/v7e-m+fp/hard/libc.a(lib_a-svfiprintf.o)
 .debug_abbrev  0x0000000000003fce      0x22a /usr/lib/gcc/arm-none-eabi/10.3.1/../../../arm-none-eabi/lib/thumb/v7e-m+fp/hard/libc.a(lib_a-assert.o)
 .debug_abbrev  0x00000000000041f8      0x241 /usr/lib/gcc/arm-none-eabi/10.3.1/../../../arm-none-eabi/lib/thumb/v7e-m+fp/hard/libc.a(lib_a-callocr.o)
 .debug_abbrev  0x0000000000004439      0x255 /usr/lib/gcc/arm-none-eabi/10.3.1/../../../arm-none-eabi/lib/thumb/v7e-m+fp/hard/libc.a(lib_a-fiprintf.o)
 .debug_abbrev  0x000000000000468e      0x2b1 /usr/lib/gcc/arm-none-eabi/10.3.1/../../../arm-none-eabi/lib/thumb/v7e-m+fp/hard/libc.a(lib_a-freer.o)
 .debug_abbrev  0x000000000000493f      0x2f5 /usr/lib/gcc/arm-none-eabi/10.3.1/../../../arm-none-eabi/lib/thumb/v7e-m+fp/hard/libc.a(lib_a-locale.o)
 .debug_abbrev  0x0000000000004c34      0x247 /usr/lib/gcc/arm-none-eabi/10.3.1/../../../arm-none-eabi/lib/thumb/v7e-m+fp/hard/libc.a(lib_a-mbtowc_r.o)
 .debug_abbrev  0x0000000000004e7b       0xc0 /usr/lib/gcc/arm-none-eabi/10.3.1/../../../arm-none-eabi/lib/thumb/v7e-m+fp/hard/libc.a(lib_a-memmove.o)
 .debug_abbrev  0x0000000000004f3b       0xb4 /usr/lib/gcc/arm-none-eabi/10.3.1/../../../arm-none-eabi/lib/thumb/v7e-m+fp/hard/libc.a(lib_a-memset.o)
 .debug_abbrev  0x0000000000004fef      0x275 /usr/lib/gcc/arm-none-eabi/10.3.1/../../../arm-none-eabi/lib/thumb/v7e-m+fp/hard/libc.a(lib_a-reallocr.o)
 .debug_abbrev  0x0000000000005264      0x2f4 /usr/lib/gcc/arm-none-eabi/10.3.1/../../../arm-none-eabi/lib/thumb/v7e-m+fp/hard/libc.a(lib_a-reent.o)
 .debug_abbrev  0x0000000000005558       0x14 /usr/lib/gcc/arm-none-eabi/10.3.1/../../../arm-none-eabi/lib/thumb/v7e-m+fp/hard/libc.a(lib_a-strcmp.o)
 .debug_abbrev  0x000000000000556c      0x430 /usr/lib/gcc/arm-none-eabi/10.3.1/../../../arm-none-eabi/lib/thumb/v7e-m+fp/hard/libc.a(lib_a-vfiprintf.o)
 .debug_abbrev  0x000000000000599c      0x251 /usr/lib/gcc/arm-none-eabi/10.3.1/../../../arm-none-eabi/lib/thumb/v7e-m+fp/hard/libc.a(lib_a-wctomb_r.o)
 .debug_abbrev  0x0000000000005bed      0x246 /usr/lib/gcc/arm-none-eabi/10.3.1/../../../arm-none-eabi/lib/thumb/v7e-m+fp/hard/libc.a(lib_a-wsetup.o)
 .debug_abbrev  0x0000000000005e33       0x80 /usr/lib/gcc/arm-none-eabi/10.3.1/../../../arm-none-eabi/lib/thumb/v7e-m+fp/hard/libc.a(lib_a-abort.o)
 .debug_abbrev  0x0000000000005eb3       0x62 /usr/lib/gcc/arm-none-eabi/10.3.1/../../../arm-none-eabi/lib/thumb/v7e-m+fp/hard/libc.a(lib_a-ctype_.o)
 .debug_abbrev  0x0000000000005f15      0x336 /usr/lib/gcc/arm-none-eabi/10.3.1/../../../arm-none-eabi/lib/thumb/v7e-m+fp/hard/libc.a(lib_a-fflush.o)
 .debug_abbrev  0x000000000000624b      0x41a /usr/lib/gcc/arm-none-eabi/10.3.1/../../../arm-none-eabi/lib/thumb/v7e-m+fp/hard/libc.a(lib_a-findfp.o)
 .debug_abbrev  0x0000000000006665      0x34f /usr/lib/gcc/arm-none-eabi/10.3.1/../../../arm-none-eabi/lib/thumb/v7e-m+fp/hard/libc.a(lib_a-fputwc.o)
 .debug_abbrev  0x00000000000069b4      0x25e /usr/lib/gcc/arm-none-eabi/10.3.1/../../../arm-none-eabi/lib/thumb/v7e-m+fp/hard/libc.a(lib_a-fvwrite.o)
 .debug_abbrev  0x0000000000006c12      0x1fe /usr/lib/gcc/arm-none-eabi/10.3.1/../../../arm-none-eabi/lib/thumb/v7e-m+fp/hard/libc.a(lib_a-fwalk.o)
 .debug_abbrev  0x0000000000006e10      0x2df /usr/lib/gcc/arm-none-eabi/10.3.1/../../../arm-none-eabi/lib/thumb/v7e-m+fp/hard/libc.a(lib_a-makebuf.o)
 .debug_abbrev  0x00000000000070ef      0x321 /usr/lib/gcc/arm-none-eabi/10.3.1/../../../arm-none-eabi/lib/thumb/v7e-m+fp/hard/libc.a(lib_a-signal.o)
 .debug_abbrev  0x0000000000007410      0x242 /usr/lib/gcc/arm-none-eabi/10.3.1/../../../arm-none-eabi/lib/thumb/v7e-m+fp/hard/libc.a(lib_a-signalr.o)
 .debug_abbrev  0x0000000000007652      0x262 /usr/lib/gcc/arm-none-eabi/10.3.1/../../../arm-none-eabi/lib/thumb/v7e-m+fp/hard/libc.a(lib_a-stdio.o)
 .debug_abbrev  0x00000000000078b4      0x286 /usr/lib/gcc/arm-none-eabi/10.3.1/../../../arm-none-eabi/lib/thumb/v7e-m+fp/hard/libc.a(lib_a-wbuf.o)
 .debug_abbrev  0x0000000000007b3a      0x254 /usr/lib/gcc/arm-none-eabi/10.3.1/../../../arm-none-eabi/lib/thumb/v7e-m+fp/hard/libc.a(lib_a-wcrtomb.o)
 .debug_abbrev  0x0000000000007d8e      0x217 /usr/lib/gcc/arm-none-eabi/10.3.1/../../../arm-none-eabi/lib/thumb/v7e-m+fp/hard/libc.a(lib_a-writer.o)
 .debug_abbrev  0x0000000000007fa5      0x212 /usr/lib/gcc/arm-none-eabi/10.3.1/../../../arm-none-eabi/lib/thumb/v7e-m+fp/hard/libc.a(lib_a-closer.o)
 .debug_abbrev  0x00000000000081b7      0x2f1 /usr/lib/gcc/arm-none-eabi/10.3.1/../../../arm-none-eabi/lib/thumb/v7e-m+fp/hard/libc.a(lib_a-fclose.o)
 .debug_abbrev  0x00000000000084a8      0x226 /usr/lib/gcc/arm-none-eabi/10.3.1/../../../arm-none-eabi/lib/thumb/v7e-m+fp/hard/libc.a(lib_a-fstatr.o)
 .debug_abbrev  0x00000000000086ce      0x212 /usr/lib/gcc/arm-none-eabi/10.3.1/../../../arm-none-eabi/lib/thumb/v7e-m+fp/hard/libc.a(lib_a-isattyr.o)
 .debug_abbrev  0x00000000000088e0      0x226 /usr/lib/gcc/arm-none-eabi/10.3.1/../../../arm-none-eabi/lib/thumb/v7e-m+fp/hard/libc.a(lib_a-lseekr.o)
 .debug_abbrev  0x0000000000008b06      0x212 /usr/lib/gcc/arm-none-eabi/10.3.1/../../../arm-none-eabi/lib/thumb/v7e-m+fp/hard/libc.a(lib_a-readr.o)
 .debug_abbrev  0x0000000000008d18       0x14 /usr/lib/gcc/arm-none-eabi/10.3.1/thumb/v7e-m+fp/hard/libgcc.a(_arm_addsubdf3.o)
 .debug_abbrev  0x0000000000008d2c       0x14 /usr/lib/gcc/arm-none-eabi/10.3.1/thumb/v7e-m+fp/hard/libgcc.a(_arm_muldivdf3.o)
 .debug_abbrev  0x0000000000008d40       0x14 /usr/lib/gcc/arm-none-eabi/10.3.1/thumb/v7e-m+fp/hard/libgcc.a(_arm_cmpdf2.o)
 .debug_abbrev  0x0000000000008d54       0x14 /usr/lib/gcc/arm-none-eabi/10.3.1/thumb/v7e-m+fp/hard/libgcc.a(_arm_unorddf2.o)
 .debug_abbrev  0x0000000000008d68       0x14 /usr/lib/gcc/arm-none-eabi/10.3.1/thumb/v7e-m+fp/hard/libgcc.a(_arm_fixdfsi.o)
 .debug_abbrev  0x0000000000008d7c       0x14 /usr/lib/gcc/arm-none-eabi/10.3.1/thumb/v7e-m+fp/hard/libgcc.a(_aeabi_uldivmod.o)
 .debug_abbrev  0x0000000000008d90      0x163 /usr/lib/gcc/arm-none-eabi/10.3.1/thumb/v7e-m+fp/hard/libgcc.a(_udivmoddi4.o)
 .debug_abbrev  0x0000000000008ef3       0x14 /usr/lib/gcc/arm-none-eabi/10.3.1/thumb/v7e-m+fp/hard/libgcc.a(_dvmd_tls.o)
 .debug_abbrev  0x0000000000008f07       0x6d /usr/lib/gcc/arm-none-eabi/10.3.1/../../../arm-none-eabi/lib/thumb/v7e-m+fp/hard/libnosys.a(close.o)
 .debug_abbrev  0x0000000000008f74       0xcc /usr/lib/gcc/arm-none-eabi/10.3.1/../../../arm-none-eabi/lib/thumb/v7e-m+fp/hard/libnosys.a(fstat.o)
 .debug_abbrev  0x0000000000009040       0x59 /usr/lib/gcc/arm-none-eabi/10.3.1/../../../arm-none-eabi/lib/thumb/v7e-m+fp/hard/libnosys.a(getpid.o)
 .debug_abbrev  0x0000000000009099       0x6d /usr/lib/gcc/arm-none-eabi/10.3.1/../../../arm-none-eabi/lib/thumb/v7e-m+fp/hard/libnosys.a(isatty.o)
 .debug_abbrev  0x0000000000009106       0x7e /usr/lib/gcc/arm-none-eabi/10.3.1/../../../arm-none-eabi/lib/thumb/v7e-m+fp/hard/libnosys.a(kill.o)
 .debug_abbrev  0x0000000000009184       0x92 /usr/lib/gcc/arm-none-eabi/10.3.1/../../../arm-none-eabi/lib/thumb/v7e-m+fp/hard/libnosys.a(lseek.o)
 .debug_abbrev  0x0000000000009216       0x9b /usr/lib/gcc/arm-none-eabi/10.3.1/../../../arm-none-eabi/lib/thumb/v7e-m+fp/hard/libnosys.a(read.o)
 .debug_abbrev  0x00000000000092b1       0xa2 /usr/lib/gcc/arm-none-eabi/10.3.1/../../../arm-none-eabi/lib/thumb/v7e-m+fp/hard/libnosys.a(sbrk.o)
 .debug_abbrev  0x0000000000009353       0x9b /usr/lib/gcc/arm-none-eabi/10.3.1/../../../arm-none-eabi/lib/thumb/v7e-m+fp/hard/libnosys.a(write.o)
 .debug_abbrev  0x00000000000093ee       0x6a /usr/lib/gcc/arm-none-eabi/10.3.1/../../../arm-none-eabi/lib/thumb/v7e-m+fp/hard/libnosys.a(_exit.o)

.debug_loc      0x0000000000000000    0x19140
 .debug_loc     0x0000000000000000       0xdb sdram.o
 .debug_loc     0x00000000000000db       0x3a clock.o
 .debug_loc     0x0000000000000115      0x1f3 console.o
 .debug_loc     0x0000000000000308      0x475 lcd-spi.o
 .debug_loc     0x000000000000077d     0x165a gfx.o
 .debug_loc     0x0000000000001dd7      0x285 spi-mems.o
 .debug_loc     0x000000000000205c      0x44e ../../../../../libopencm3//lib/libopencm3_stm32f4.a(adc_common_v1.o)
 .debug_loc     0x00000000000024aa      0x159 ../../../../../libopencm3//lib/libopencm3_stm32f4.a(adc_common_v1_multi.o)
 .debug_loc     0x0000000000002603      0x18c ../../../../../libopencm3//lib/libopencm3_stm32f4.a(adc_common_f47.o)
 .debug_loc     0x000000000000278f      0x590 ../../../../../libopencm3//lib/libopencm3_stm32f4.a(fmc_common_f47.o)
 .debug_loc     0x0000000000002d1f       0xbe ../../../../../libopencm3//lib/libopencm3_stm32f4.a(gpio_common_all.o)
 .debug_loc     0x0000000000002ddd      0x14f ../../../../../libopencm3//lib/libopencm3_stm32f4.a(gpio_common_f0234.o)
 .debug_loc     0x0000000000002f2c      0x120 ../../../../../libopencm3//lib/libopencm3_stm32f4.a(rcc_common_all.o)
 .debug_loc     0x000000000000304c      0x867 ../../../../../libopencm3//lib/libopencm3_stm32f4.a(rcc.o)
 .debug_loc     0x00000000000038b3      0x170 ../../../../../libopencm3//lib/libopencm3_stm32f4.a(spi_common_all.o)
 .debug_loc     0x0000000000003a23      0x149 ../../../../../libopencm3//lib/libopencm3_stm32f4.a(spi_common_v1.o)
 .debug_loc     0x0000000000003b6c      0x1e1 ../../../../../libopencm3//lib/libopencm3_stm32f4.a(usart_common_all.o)
 .debug_loc     0x0000000000003d4d      0x128 ../../../../../libopencm3//lib/libopencm3_stm32f4.a(vector.o)
 .debug_loc     0x0000000000003e75      0x192 ../../../../../libopencm3//lib/libopencm3_stm32f4.a(systick.o)
 .debug_loc     0x0000000000004007       0x25 ../../../../../libopencm3//lib/libopencm3_stm32f4.a(scb.o)
 .debug_loc     0x000000000000402c      0x14d ../../../../../libopencm3//lib/libopencm3_stm32f4.a(nvic.o)
 .debug_loc     0x0000000000004179       0x47 ../../../../../libopencm3//lib/libopencm3_stm32f4.a(flash_common_all.o)
 .debug_loc     0x00000000000041c0       0x47 ../../../../../libopencm3//lib/libopencm3_stm32f4.a(pwr.o)
 .debug_loc     0x0000000000004207       0xb7 /usr/lib/gcc/arm-none-eabi/10.3.1/../../../arm-none-eabi/lib/thumb/v7e-m+fp/hard/libc.a(lib_a-sprintf.o)
 .debug_loc     0x00000000000042be       0xc3 /usr/lib/gcc/arm-none-eabi/10.3.1/../../../arm-none-eabi/lib/thumb/v7e-m+fp/hard/libc.a(lib_a-strcat.o)
 .debug_loc     0x0000000000004381       0x25 /usr/lib/gcc/arm-none-eabi/10.3.1/../../../arm-none-eabi/lib/thumb/v7e-m+fp/hard/libc.a(lib_a-strcpy.o)
 .debug_loc     0x00000000000043a6     0x340a /usr/lib/gcc/arm-none-eabi/10.3.1/../../../arm-none-eabi/lib/thumb/v7e-m+fp/hard/libc.a(lib_a-svfprintf.o)
 .debug_loc     0x00000000000077b0     0x3328 /usr/lib/gcc/arm-none-eabi/10.3.1/../../../arm-none-eabi/lib/thumb/v7e-m+fp/hard/libc.a(lib_a-dtoa.o)
 .debug_loc     0x000000000000aad8       0x6f /usr/lib/gcc/arm-none-eabi/10.3.1/../../../arm-none-eabi/lib/thumb/v7e-m+fp/hard/libc.a(lib_a-localeconv.o)
 .debug_loc     0x000000000000ab47      0xea2 /usr/lib/gcc/arm-none-eabi/10.3.1/../../../arm-none-eabi/lib/thumb/v7e-m+fp/hard/libc.a(lib_a-mallocr.o)
 .debug_loc     0x000000000000b9e9     0x2704 /usr/lib/gcc/arm-none-eabi/10.3.1/../../../arm-none-eabi/lib/thumb/v7e-m+fp/hard/libc.a(lib_a-mprec.o)
 .debug_loc     0x000000000000e0ed       0x6c /usr/lib/gcc/arm-none-eabi/10.3.1/../../../arm-none-eabi/lib/thumb/v7e-m+fp/hard/libc.a(lib_a-sbrkr.o)
 .debug_loc     0x000000000000e159     0x1658 /usr/lib/gcc/arm-none-eabi/10.3.1/../../../arm-none-eabi/lib/thumb/v7e-m+fp/hard/libc.a(lib_a-svfiprintf.o)
 .debug_loc     0x000000000000f7b1      0x185 /usr/lib/gcc/arm-none-eabi/10.3.1/../../../arm-none-eabi/lib/thumb/v7e-m+fp/hard/libc.a(lib_a-assert.o)
 .debug_loc     0x000000000000f936      0x2d6 /usr/lib/gcc/arm-none-eabi/10.3.1/../../../arm-none-eabi/lib/thumb/v7e-m+fp/hard/libc.a(lib_a-callocr.o)
 .debug_loc     0x000000000000fc0c       0xa6 /usr/lib/gcc/arm-none-eabi/10.3.1/../../../arm-none-eabi/lib/thumb/v7e-m+fp/hard/libc.a(lib_a-fiprintf.o)
 .debug_loc     0x000000000000fcb2      0x6cc /usr/lib/gcc/arm-none-eabi/10.3.1/../../../arm-none-eabi/lib/thumb/v7e-m+fp/hard/libc.a(lib_a-freer.o)
 .debug_loc     0x000000000001037e      0x27d /usr/lib/gcc/arm-none-eabi/10.3.1/../../../arm-none-eabi/lib/thumb/v7e-m+fp/hard/libc.a(lib_a-locale.o)
 .debug_loc     0x00000000000105fb      0x21d /usr/lib/gcc/arm-none-eabi/10.3.1/../../../arm-none-eabi/lib/thumb/v7e-m+fp/hard/libc.a(lib_a-mbtowc_r.o)
 .debug_loc     0x0000000000010818      0x34f /usr/lib/gcc/arm-none-eabi/10.3.1/../../../arm-none-eabi/lib/thumb/v7e-m+fp/hard/libc.a(lib_a-memmove.o)
 .debug_loc     0x0000000000010b67      0x22c /usr/lib/gcc/arm-none-eabi/10.3.1/../../../arm-none-eabi/lib/thumb/v7e-m+fp/hard/libc.a(lib_a-memset.o)
 .debug_loc     0x0000000000010d93     0x17d9 /usr/lib/gcc/arm-none-eabi/10.3.1/../../../arm-none-eabi/lib/thumb/v7e-m+fp/hard/libc.a(lib_a-reallocr.o)
 .debug_loc     0x000000000001256c      0x23e /usr/lib/gcc/arm-none-eabi/10.3.1/../../../arm-none-eabi/lib/thumb/v7e-m+fp/hard/libc.a(lib_a-reent.o)
 .debug_loc     0x00000000000127aa     0x23a3 /usr/lib/gcc/arm-none-eabi/10.3.1/../../../arm-none-eabi/lib/thumb/v7e-m+fp/hard/libc.a(lib_a-vfiprintf.o)
 .debug_loc     0x0000000000014b4d      0x13a /usr/lib/gcc/arm-none-eabi/10.3.1/../../../arm-none-eabi/lib/thumb/v7e-m+fp/hard/libc.a(lib_a-wctomb_r.o)
 .debug_loc     0x0000000000014c87       0xe7 /usr/lib/gcc/arm-none-eabi/10.3.1/../../../arm-none-eabi/lib/thumb/v7e-m+fp/hard/libc.a(lib_a-wsetup.o)
 .debug_loc     0x0000000000014d6e      0x441 /usr/lib/gcc/arm-none-eabi/10.3.1/../../../arm-none-eabi/lib/thumb/v7e-m+fp/hard/libc.a(lib_a-fflush.o)
 .debug_loc     0x00000000000151af      0x3cc /usr/lib/gcc/arm-none-eabi/10.3.1/../../../arm-none-eabi/lib/thumb/v7e-m+fp/hard/libc.a(lib_a-findfp.o)
 .debug_loc     0x000000000001557b      0x396 /usr/lib/gcc/arm-none-eabi/10.3.1/../../../arm-none-eabi/lib/thumb/v7e-m+fp/hard/libc.a(lib_a-fputwc.o)
 .debug_loc     0x0000000000015911      0x76c /usr/lib/gcc/arm-none-eabi/10.3.1/../../../arm-none-eabi/lib/thumb/v7e-m+fp/hard/libc.a(lib_a-fvwrite.o)
 .debug_loc     0x000000000001607d      0x1bf /usr/lib/gcc/arm-none-eabi/10.3.1/../../../arm-none-eabi/lib/thumb/v7e-m+fp/hard/libc.a(lib_a-fwalk.o)
 .debug_loc     0x000000000001623c      0x39f /usr/lib/gcc/arm-none-eabi/10.3.1/../../../arm-none-eabi/lib/thumb/v7e-m+fp/hard/libc.a(lib_a-makebuf.o)
 .debug_loc     0x00000000000165db      0x967 /usr/lib/gcc/arm-none-eabi/10.3.1/../../../arm-none-eabi/lib/thumb/v7e-m+fp/hard/libc.a(lib_a-signal.o)
 .debug_loc     0x0000000000016f42       0xd0 /usr/lib/gcc/arm-none-eabi/10.3.1/../../../arm-none-eabi/lib/thumb/v7e-m+fp/hard/libc.a(lib_a-signalr.o)
 .debug_loc     0x0000000000017012      0x3a0 /usr/lib/gcc/arm-none-eabi/10.3.1/../../../arm-none-eabi/lib/thumb/v7e-m+fp/hard/libc.a(lib_a-stdio.o)
 .debug_loc     0x00000000000173b2      0x1b0 /usr/lib/gcc/arm-none-eabi/10.3.1/../../../arm-none-eabi/lib/thumb/v7e-m+fp/hard/libc.a(lib_a-wbuf.o)
 .debug_loc     0x0000000000017562      0x2b1 /usr/lib/gcc/arm-none-eabi/10.3.1/../../../arm-none-eabi/lib/thumb/v7e-m+fp/hard/libc.a(lib_a-wcrtomb.o)
 .debug_loc     0x0000000000017813       0xf7 /usr/lib/gcc/arm-none-eabi/10.3.1/../../../arm-none-eabi/lib/thumb/v7e-m+fp/hard/libc.a(lib_a-writer.o)
 .debug_loc     0x000000000001790a       0x6c /usr/lib/gcc/arm-none-eabi/10.3.1/../../../arm-none-eabi/lib/thumb/v7e-m+fp/hard/libc.a(lib_a-closer.o)
 .debug_loc     0x0000000000017976      0x2f1 /usr/lib/gcc/arm-none-eabi/10.3.1/../../../arm-none-eabi/lib/thumb/v7e-m+fp/hard/libc.a(lib_a-fclose.o)
 .debug_loc     0x0000000000017c67       0xab /usr/lib/gcc/arm-none-eabi/10.3.1/../../../arm-none-eabi/lib/thumb/v7e-m+fp/hard/libc.a(lib_a-fstatr.o)
 .debug_loc     0x0000000000017d12       0x6c /usr/lib/gcc/arm-none-eabi/10.3.1/../../../arm-none-eabi/lib/thumb/v7e-m+fp/hard/libc.a(lib_a-isattyr.o)
 .debug_loc     0x0000000000017d7e       0xf7 /usr/lib/gcc/arm-none-eabi/10.3.1/../../../arm-none-eabi/lib/thumb/v7e-m+fp/hard/libc.a(lib_a-lseekr.o)
 .debug_loc     0x0000000000017e75       0xf7 /usr/lib/gcc/arm-none-eabi/10.3.1/../../../arm-none-eabi/lib/thumb/v7e-m+fp/hard/libc.a(lib_a-readr.o)
 .debug_loc     0x0000000000017f6c     0x100f /usr/lib/gcc/arm-none-eabi/10.3.1/thumb/v7e-m+fp/hard/libgcc.a(_udivmoddi4.o)
 .debug_loc     0x0000000000018f7b       0x25 /usr/lib/gcc/arm-none-eabi/10.3.1/../../../arm-none-eabi/lib/thumb/v7e-m+fp/hard/libnosys.a(close.o)
 .debug_loc     0x0000000000018fa0       0x25 /usr/lib/gcc/arm-none-eabi/10.3.1/../../../arm-none-eabi/lib/thumb/v7e-m+fp/hard/libnosys.a(fstat.o)
 .debug_loc     0x0000000000018fc5       0x25 /usr/lib/gcc/arm-none-eabi/10.3.1/../../../arm-none-eabi/lib/thumb/v7e-m+fp/hard/libnosys.a(isatty.o)
 .debug_loc     0x0000000000018fea       0x25 /usr/lib/gcc/arm-none-eabi/10.3.1/../../../arm-none-eabi/lib/thumb/v7e-m+fp/hard/libnosys.a(kill.o)
 .debug_loc     0x000000000001900f       0x4a /usr/lib/gcc/arm-none-eabi/10.3.1/../../../arm-none-eabi/lib/thumb/v7e-m+fp/hard/libnosys.a(lseek.o)
 .debug_loc     0x0000000000019059       0x4a /usr/lib/gcc/arm-none-eabi/10.3.1/../../../arm-none-eabi/lib/thumb/v7e-m+fp/hard/libnosys.a(read.o)
 .debug_loc     0x00000000000190a3       0x3e /usr/lib/gcc/arm-none-eabi/10.3.1/../../../arm-none-eabi/lib/thumb/v7e-m+fp/hard/libnosys.a(sbrk.o)
 .debug_loc     0x00000000000190e1       0x4a /usr/lib/gcc/arm-none-eabi/10.3.1/../../../arm-none-eabi/lib/thumb/v7e-m+fp/hard/libnosys.a(write.o)
 .debug_loc     0x000000000001912b       0x15 /usr/lib/gcc/arm-none-eabi/10.3.1/../../../arm-none-eabi/lib/thumb/v7e-m+fp/hard/libnosys.a(_exit.o)

.debug_aranges  0x0000000000000000     0x1308
 .debug_aranges
                0x0000000000000000       0x20 sdram.o
 .debug_aranges
                0x0000000000000020       0x38 clock.o
 .debug_aranges
                0x0000000000000058       0x48 console.o
 .debug_aranges
                0x00000000000000a0       0x40 lcd-spi.o
 .debug_aranges
                0x00000000000000e0       0xf8 gfx.o
 .debug_aranges
                0x00000000000001d8       0x38 spi-mems.o
 .debug_aranges
                0x0000000000000210      0x158 ../../../../../libopencm3//lib/libopencm3_stm32f4.a(adc_common_v1.o)
 .debug_aranges
                0x0000000000000368       0xa8 ../../../../../libopencm3//lib/libopencm3_stm32f4.a(adc_common_v1_multi.o)
 .debug_aranges
                0x0000000000000410       0x40 ../../../../../libopencm3//lib/libopencm3_stm32f4.a(adc_common_f47.o)
 .debug_aranges
                0x0000000000000450       0x28 ../../../../../libopencm3//lib/libopencm3_stm32f4.a(fmc_common_f47.o)
 .debug_aranges
                0x0000000000000478       0x50 ../../../../../libopencm3//lib/libopencm3_stm32f4.a(gpio_common_all.o)
 .debug_aranges
                0x00000000000004c8       0x30 ../../../../../libopencm3//lib/libopencm3_stm32f4.a(gpio_common_f0234.o)
 .debug_aranges
                0x00000000000004f8       0x60 ../../../../../libopencm3//lib/libopencm3_stm32f4.a(rcc_common_all.o)
 .debug_aranges
                0x0000000000000558      0x110 ../../../../../libopencm3//lib/libopencm3_stm32f4.a(rcc.o)
 .debug_aranges
                0x0000000000000668      0x170 ../../../../../libopencm3//lib/libopencm3_stm32f4.a(spi_common_all.o)
 .debug_aranges
                0x00000000000007d8       0x30 ../../../../../libopencm3//lib/libopencm3_stm32f4.a(spi_common_v1.o)
 .debug_aranges
                0x0000000000000808       0xd8 ../../../../../libopencm3//lib/libopencm3_stm32f4.a(usart_common_all.o)
 .debug_aranges
                0x00000000000008e0       0x30 ../../../../../libopencm3//lib/libopencm3_stm32f4.a(vector.o)
 .debug_aranges
                0x0000000000000910       0x78 ../../../../../libopencm3//lib/libopencm3_stm32f4.a(systick.o)
 .debug_aranges
                0x0000000000000988       0x30 ../../../../../libopencm3//lib/libopencm3_stm32f4.a(scb.o)
 .debug_aranges
                0x00000000000009b8       0x60 ../../../../../libopencm3//lib/libopencm3_stm32f4.a(nvic.o)
 .debug_aranges
                0x0000000000000a18       0x38 ../../../../../libopencm3//lib/libopencm3_stm32f4.a(flash_common_all.o)
 .debug_aranges
                0x0000000000000a50       0x48 ../../../../../libopencm3//lib/libopencm3_stm32f4.a(flash_common_idcache.o)
 .debug_aranges
                0x0000000000000a98       0x20 ../../../../../libopencm3//lib/libopencm3_stm32f4.a(pwr.o)
 .debug_aranges
                0x0000000000000ab8       0x20 /usr/lib/gcc/arm-none-eabi/10.3.1/../../../arm-none-eabi/lib/thumb/v7e-m+fp/hard/libc.a(lib_a-sprintf.o)
 .debug_aranges
                0x0000000000000ad8       0x20 /usr/lib/gcc/arm-none-eabi/10.3.1/../../../arm-none-eabi/lib/thumb/v7e-m+fp/hard/libc.a(lib_a-strcat.o)
 .debug_aranges
                0x0000000000000af8       0x20 /usr/lib/gcc/arm-none-eabi/10.3.1/../../../arm-none-eabi/lib/thumb/v7e-m+fp/hard/libc.a(lib_a-strcpy.o)
 .debug_aranges
                0x0000000000000b18       0x20 /usr/lib/gcc/arm-none-eabi/10.3.1/../../../arm-none-eabi/lib/thumb/v7e-m+fp/hard/libc.a(lib_a-svfprintf.o)
 .debug_aranges
                0x0000000000000b38       0x20 /usr/lib/gcc/arm-none-eabi/10.3.1/../../../arm-none-eabi/lib/thumb/v7e-m+fp/hard/libc.a(lib_a-dtoa.o)
 .debug_aranges
                0x0000000000000b58       0x18 /usr/lib/gcc/arm-none-eabi/10.3.1/../../../arm-none-eabi/lib/thumb/v7e-m+fp/hard/libc.a(lib_a-impure.o)
 .debug_aranges
                0x0000000000000b70       0x20 /usr/lib/gcc/arm-none-eabi/10.3.1/../../../arm-none-eabi/lib/thumb/v7e-m+fp/hard/libc.a(lib_a-localeconv.o)
 .debug_aranges
                0x0000000000000b90       0x20 /usr/lib/gcc/arm-none-eabi/10.3.1/../../../arm-none-eabi/lib/thumb/v7e-m+fp/hard/libc.a(lib_a-mallocr.o)
 .debug_aranges
                0x0000000000000bb0       0x20 /usr/lib/gcc/arm-none-eabi/10.3.1/../../../arm-none-eabi/lib/thumb/v7e-m+fp/hard/libc.a(lib_a-memchr.o)
 .debug_aranges
                0x0000000000000bd0       0x20 /usr/lib/gcc/arm-none-eabi/10.3.1/../../../arm-none-eabi/lib/thumb/v7e-m+fp/hard/libc.a(lib_a-memcpy.o)
 .debug_aranges
                0x0000000000000bf0       0x20 /usr/lib/gcc/arm-none-eabi/10.3.1/../../../arm-none-eabi/lib/thumb/v7e-m+fp/hard/libc.a(lib_a-mlock.o)
 .debug_aranges
                0x0000000000000c10       0x20 /usr/lib/gcc/arm-none-eabi/10.3.1/../../../arm-none-eabi/lib/thumb/v7e-m+fp/hard/libc.a(lib_a-mprec.o)
 .debug_aranges